---
source: tests/snapshots.rs
---
[
    Pair {
        rule: file,
        span: Span {
            str: "VERSION \"\"\n\n\nNS_ : \n\tNS_DESC_\n\tCM_\n\tBA_DEF_\n\tBA_\n\tVAL_\n\tCAT_DEF_\n\tCAT_\n\tFILTER\n\tBA_DEF_DEF_\n\tEV_DATA_\n\tENVVAR_DATA_\n\tSGTYPE_\n\tSGTYPE_VAL_\n\tBA_DEF_SGTYPE_\n\tBA_SGTYPE_\n\tSIG_TYPE_REF_\n\tVAL_TABLE_\n\tSIG_GROUP_\n\tSIG_VALTYPE_\n\tSIGTYPE_VALTYPE_\n\tBO_TX_BU_\n\tBA_DEF_REL_\n\tBA_REL_\n\tBA_DEF_DEF_REL_\n\tBU_SG_REL_\n\tBU_EV_REL_\n\tBU_BO_REL_\n\tSG_MUL_VAL_\n\nBS_:\n\nBU_: TheNode\n\n\n\nBO_ 1234 INV2EventMsg1: 8 Inv2\n SG_ TheSignal : 0|8@1- (1,0) [0|0] \"\" Vector__XXX\n\n\nBA_DEF_ BO_  \"GenMsgSendType\" STRING ;\nBA_DEF_ BO_  \"GenMsgCycleTime\" INT 0 100;\nBA_ \"GenMsgSendType\" BO_ 1234 \"Event\";\nBA_ \"GenMsgCycleTime\" BO_ 1234 0;\n\n\n\n",
            range: 0..600,
        },
        inner: [
            Pair {
                rule: version,
                span: Span {
                    str: "VERSION \"\"\n",
                    range: 0..11,
                },
                inner: [
                    Pair {
                        rule: quoted_str,
                        span: Span {
                            str: "\"\"",
                            range: 8..10,
                        },
                        inner: [
                            Pair {
                                rule: string,
                                span: Span {
                                    str: "",
                                    range: 9..9,
                                },
                                inner: [],
                            },
                        ],
                    },
                ],
            },
            Pair {
                rule: new_symbols,
                span: Span {
                    str: "NS_ : \n\tNS_DESC_\n\tCM_\n\tBA_DEF_\n\tBA_\n\tVAL_\n\tCAT_DEF_\n\tCAT_\n\tFILTER\n\tBA_DEF_DEF_\n\tEV_DATA_\n\tENVVAR_DATA_\n\tSGTYPE_\n\tSGTYPE_VAL_\n\tBA_DEF_SGTYPE_\n\tBA_SGTYPE_\n\tSIG_TYPE_REF_\n\tVAL_TABLE_\n\tSIG_GROUP_\n\tSIG_VALTYPE_\n\tSIGTYPE_VALTYPE_\n\tBO_TX_BU_\n\tBA_DEF_REL_\n\tBA_REL_\n\tBA_DEF_DEF_REL_\n\tBU_SG_REL_\n\tBU_EV_REL_\n\tBU_BO_REL_\n\tSG_MUL_VAL_\n\n",
                    range: 13..337,
                },
                inner: [
                    Pair {
                        rule: ident,
                        span: Span {
                            str: "NS_DESC_",
                            range: 21..29,
                        },
                        inner: [],
                    },
                    Pair {
                        rule: ident,
                        span: Span {
                            str: "CM_",
                            range: 31..34,
                        },
                        inner: [],
                    },
                    Pair {
                        rule: ident,
                        span: Span {
                            str: "BA_DEF_",
                            range: 36..43,
                        },
                        inner: [],
                    },
                    Pair {
                        rule: ident,
                        span: Span {
                            str: "BA_",
                            range: 45..48,
                        },
                        inner: [],
                    },
                    Pair {
                        rule: ident,
                        span: Span {
                            str: "VAL_",
                            range: 50..54,
                        },
                        inner: [],
                    },
                    Pair {
                        rule: ident,
                        span: Span {
                            str: "CAT_DEF_",
                            range: 56..64,
                        },
                        inner: [],
                    },
                    Pair {
                        rule: ident,
                        span: Span {
                            str: "CAT_",
                            range: 66..70,
                        },
                        inner: [],
                    },
                    Pair {
                        rule: ident,
                        span: Span {
                            str: "FILTER",
                            range: 72..78,
                        },
                        inner: [],
                    },
                    Pair {
                        rule: ident,
                        span: Span {
                            str: "BA_DEF_DEF_",
                            range: 80..91,
                        },
                        inner: [],
                    },
                    Pair {
                        rule: ident,
                        span: Span {
                            str: "EV_DATA_",
                            range: 93..101,
                        },
                        inner: [],
                    },
                    Pair {
                        rule: ident,
                        span: Span {
                            str: "ENVVAR_DATA_",
                            range: 103..115,
                        },
                        inner: [],
                    },
                    Pair {
                        rule: ident,
                        span: Span {
                            str: "SGTYPE_",
                            range: 117..124,
                        },
                        inner: [],
                    },
                    Pair {
                        rule: ident,
                        span: Span {
                            str: "SGTYPE_VAL_",
                            range: 126..137,
                        },
                        inner: [],
                    },
                    Pair {
                        rule: ident,
                        span: Span {
                            str: "BA_DEF_SGTYPE_",
                            range: 139..153,
                        },
                        inner: [],
                    },
                    Pair {
                        rule: ident,
                        span: Span {
                            str: "BA_SGTYPE_",
                            range: 155..165,
                        },
                        inner: [],
                    },
                    Pair {
                        rule: ident,
                        span: Span {
                            str: "SIG_TYPE_REF_",
                            range: 167..180,
                        },
                        inner: [],
                    },
                    Pair {
                        rule: ident,
                        span: Span {
                            str: "VAL_TABLE_",
                            range: 182..192,
                        },
                        inner: [],
                    },
                    Pair {
                        rule: ident,
                        span: Span {
                            str: "SIG_GROUP_",
                            range: 194..204,
                        },
                        inner: [],
                    },
                    Pair {
                        rule: ident,
                        span: Span {
                            str: "SIG_VALTYPE_",
                            range: 206..218,
                        },
                        inner: [],
                    },
                    Pair {
                        rule: ident,
                        span: Span {
                            str: "SIGTYPE_VALTYPE_",
                            range: 220..236,
                        },
                        inner: [],
                    },
                    Pair {
                        rule: ident,
                        span: Span {
                            str: "BO_TX_BU_",
                            range: 238..247,
                        },
                        inner: [],
                    },
                    Pair {
                        rule: ident,
                        span: Span {
                            str: "BA_DEF_REL_",
                            range: 249..260,
                        },
                        inner: [],
                    },
                    Pair {
                        rule: ident,
                        span: Span {
                            str: "BA_REL_",
                            range: 262..269,
                        },
                        inner: [],
                    },
                    Pair {
                        rule: ident,
                        span: Span {
                            str: "BA_DEF_DEF_REL_",
                            range: 271..286,
                        },
                        inner: [],
                    },
                    Pair {
                        rule: ident,
                        span: Span {
                            str: "BU_SG_REL_",
                            range: 288..298,
                        },
                        inner: [],
                    },
                    Pair {
                        rule: ident,
                        span: Span {
                            str: "BU_EV_REL_",
                            range: 300..310,
                        },
                        inner: [],
                    },
                    Pair {
                        rule: ident,
                        span: Span {
                            str: "BU_BO_REL_",
                            range: 312..322,
                        },
                        inner: [],
                    },
                    Pair {
                        rule: ident,
                        span: Span {
                            str: "SG_MUL_VAL_",
                            range: 324..335,
                        },
                        inner: [],
                    },
                ],
            },
            Pair {
                rule: bit_timing,
                span: Span {
                    str: "BS_:\n",
                    range: 337..342,
                },
                inner: [],
            },
            Pair {
                rule: nodes,
                span: Span {
                    str: "BU_: TheNode\n\n\n\n",
                    range: 343..359,
                },
                inner: [
                    Pair {
                        rule: node_name,
                        span: Span {
                            str: "TheNode",
                            range: 348..355,
                        },
                        inner: [],
                    },
                ],
            },
            Pair {
                rule: message,
                span: Span {
                    str: "BO_ 1234 INV2EventMsg1: 8 Inv2\n SG_ TheSignal : 0|8@1- (1,0) [0|0] \"\" Vector__XXX",
                    range: 359..440,
                },
                inner: [
                    Pair {
                        rule: msg_var,
                        span: Span {
                            str: "BO_ 1234",
                            range: 359..367,
                        },
                        inner: [
                            Pair {
                                rule: message_id,
                                span: Span {
                                    str: "1234",
                                    range: 363..367,
                                },
                                inner: [],
                            },
                        ],
                    },
                    Pair {
                        rule: message_name,
                        span: Span {
                            str: "INV2EventMsg1",
                            range: 368..381,
                        },
                        inner: [],
                    },
                    Pair {
                        rule: message_size,
                        span: Span {
                            str: "8",
                            range: 383..384,
                        },
                        inner: [],
                    },
                    Pair {
                        rule: transmitter,
                        span: Span {
                            str: "Inv2",
                            range: 385..389,
                        },
                        inner: [],
                    },
                    Pair {
                        rule: signal,
                        span: Span {
                            str: "\n SG_ TheSignal : 0|8@1- (1,0) [0|0] \"\" Vector__XXX",
                            range: 389..440,
                        },
                        inner: [
                            Pair {
                                rule: signal_nl_ident,
                                span: Span {
                                    str: "\n ",
                                    range: 389..391,
                                },
                                inner: [],
                            },
                            Pair {
                                rule: signal_name,
                                span: Span {
                                    str: "TheSignal",
                                    range: 395..404,
                                },
                                inner: [],
                            },
                            Pair {
                                rule: start_bit,
                                span: Span {
                                    str: "0",
                                    range: 407..408,
                                },
                                inner: [],
                            },
                            Pair {
                                rule: signal_size,
                                span: Span {
                                    str: "8",
                                    range: 409..410,
                                },
                                inner: [],
                            },
                            Pair {
                                rule: little_endian,
                                span: Span {
                                    str: "1",
                                    range: 411..412,
                                },
                                inner: [],
                            },
                            Pair {
                                rule: signed_type,
                                span: Span {
                                    str: "-",
                                    range: 412..413,
                                },
                                inner: [],
                            },
                            Pair {
                                rule: factor,
                                span: Span {
                                    str: "1",
                                    range: 415..416,
                                },
                                inner: [],
                            },
                            Pair {
                                rule: offset,
                                span: Span {
                                    str: "0",
                                    range: 417..418,
                                },
                                inner: [],
                            },
                            Pair {
                                rule: min_max,
                                span: Span {
                                    str: "[0|0]",
                                    range: 420..425,
                                },
                                inner: [
                                    Pair {
                                        rule: minimum,
                                        span: Span {
                                            str: "0",
                                            range: 421..422,
                                        },
                                        inner: [],
                                    },
                                    Pair {
                                        rule: maximum,
                                        span: Span {
                                            str: "0",
                                            range: 423..424,
                                        },
                                        inner: [],
                                    },
                                ],
                            },
                            Pair {
                                rule: unit,
                                span: Span {
                                    str: "\"\"",
                                    range: 426..428,
                                },
                                inner: [
                                    Pair {
                                        rule: string,
                                        span: Span {
                                            str: "",
                                            range: 427..427,
                                        },
                                        inner: [],
                                    },
                                ],
                            },
                            Pair {
                                rule: node_name,
                                span: Span {
                                    str: "Vector__XXX",
                                    range: 429..440,
                                },
                                inner: [],
                            },
                        ],
                    },
                ],
            },
            Pair {
                rule: attr_def,
                span: Span {
                    str: "BA_DEF_ BO_  \"GenMsgSendType\" STRING ;",
                    range: 443..481,
                },
                inner: [
                    Pair {
                        rule: object_type,
                        span: Span {
                            str: "BO_",
                            range: 451..454,
                        },
                        inner: [],
                    },
                    Pair {
                        rule: attribute_name,
                        span: Span {
                            str: "\"GenMsgSendType\"",
                            range: 456..472,
                        },
                        inner: [
                            Pair {
                                rule: string,
                                span: Span {
                                    str: "GenMsgSendType",
                                    range: 457..471,
                                },
                                inner: [],
                            },
                        ],
                    },
                    Pair {
                        rule: attribute_type_string,
                        span: Span {
                            str: "STRING",
                            range: 473..479,
                        },
                        inner: [],
                    },
                ],
            },
            Pair {
                rule: attr_def,
                span: Span {
                    str: "BA_DEF_ BO_  \"GenMsgCycleTime\" INT 0 100;",
                    range: 482..523,
                },
                inner: [
                    Pair {
                        rule: object_type,
                        span: Span {
                            str: "BO_",
                            range: 490..493,
                        },
                        inner: [],
                    },
                    Pair {
                        rule: attribute_name,
                        span: Span {
                            str: "\"GenMsgCycleTime\"",
                            range: 495..512,
                        },
                        inner: [
                            Pair {
                                rule: string,
                                span: Span {
                                    str: "GenMsgCycleTime",
                                    range: 496..511,
                                },
                                inner: [],
                            },
                        ],
                    },
                    Pair {
                        rule: attribute_type_int,
                        span: Span {
                            str: "INT 0 100",
                            range: 513..522,
                        },
                        inner: [
                            Pair {
                                rule: minimum,
                                span: Span {
                                    str: "0",
                                    range: 517..518,
                                },
                                inner: [],
                            },
                            Pair {
                                rule: maximum,
                                span: Span {
                                    str: "100",
                                    range: 519..522,
                                },
                                inner: [],
                            },
                        ],
                    },
                ],
            },
            Pair {
                rule: attr_value,
                span: Span {
                    str: "BA_ \"GenMsgSendType\" BO_ 1234 \"Event\";",
                    range: 524..562,
                },
                inner: [
                    Pair {
                        rule: attribute_name,
                        span: Span {
                            str: "\"GenMsgSendType\"",
                            range: 528..544,
                        },
                        inner: [
                            Pair {
                                rule: string,
                                span: Span {
                                    str: "GenMsgSendType",
                                    range: 529..543,
                                },
                                inner: [],
                            },
                        ],
                    },
                    Pair {
                        rule: msg_var_val,
                        span: Span {
                            str: "BO_ 1234 \"Event\"",
                            range: 545..561,
                        },
                        inner: [
                            Pair {
                                rule: message_id,
                                span: Span {
                                    str: "1234",
                                    range: 549..553,
                                },
                                inner: [],
                            },
                            Pair {
                                rule: quoted_str,
                                span: Span {
                                    str: "\"Event\"",
                                    range: 554..561,
                                },
                                inner: [
                                    Pair {
                                        rule: string,
                                        span: Span {
                                            str: "Event",
                                            range: 555..560,
                                        },
                                        inner: [],
                                    },
                                ],
                            },
                        ],
                    },
                ],
            },
            Pair {
                rule: attr_value,
                span: Span {
                    str: "BA_ \"GenMsgCycleTime\" BO_ 1234 0;",
                    range: 563..596,
                },
                inner: [
                    Pair {
                        rule: attribute_name,
                        span: Span {
                            str: "\"GenMsgCycleTime\"",
                            range: 567..584,
                        },
                        inner: [
                            Pair {
                                rule: string,
                                span: Span {
                                    str: "GenMsgCycleTime",
                                    range: 568..583,
                                },
                                inner: [],
                            },
                        ],
                    },
                    Pair {
                        rule: msg_var_val,
                        span: Span {
                            str: "BO_ 1234 0",
                            range: 585..595,
                        },
                        inner: [
                            Pair {
                                rule: message_id,
                                span: Span {
                                    str: "1234",
                                    range: 589..593,
                                },
                                inner: [],
                            },
                            Pair {
                                rule: number,
                                span: Span {
                                    str: "0",
                                    range: 594..595,
                                },
                                inner: [],
                            },
                        ],
                    },
                ],
            },
            Pair {
                rule: EOI,
                span: Span {
                    str: "",
                    range: 600..600,
                },
                inner: [],
            },
        ],
    },
]
