---
source: tests/snapshots.rs
---
[
    Pair {
        rule: file,
        span: Span {
            str: "VERSION \"\"\n\n\nNS_ : \n\tNS_DESC_\n\tCM_\n\tBA_DEF_\n\tBA_\n\tVAL_\n\tCAT_DEF_\n\tCAT_\n\tFILTER\n\tBA_DEF_DEF_\n\tEV_DATA_\n\tENVVAR_DATA_\n\tSGTYPE_\n\tSGTYPE_VAL_\n\tBA_DEF_SGTYPE_\n\tBA_SGTYPE_\n\tSIG_TYPE_REF_\n\tVAL_TABLE_\n\tSIG_GROUP_\n\tSIG_VALTYPE_\n\tSIGTYPE_VALTYPE_\n\tBO_TX_BU_\n\tBA_DEF_REL_\n\tBA_REL_\n\tBA_DEF_DEF_REL_\n\tBU_SG_REL_\n\tBU_EV_REL_\n\tBU_BO_REL_\n\tSG_MUL_VAL_\n\nBS_:\n\nBU_:\n\nBO_ 2566687742 AFT1PSI2: 8 Vector__XXX\n SG_ HtrRes : 40|16@1+ (0.1,0) [0|6425.5] \"ohm\" Vector__XXX\n SG_ MaxRes : 32|16@1+ (250,0) [0|62500] \"kohm\" Vector__XXX\n SG_ Temp : 16|16@1+ (0.03125,-273) [-273|1734.96875] \"ï¿½C\" Vector__XXX\n SG_ RegenFailedCount : 8|8@1+ (1,0) [0|250] \"\" Vector__XXX\n SG_ PwrSupply : 4|2@1+ (1,0) [0|3] \"\" Vector__XXX\n SG_ DetectionStatus : 0|4@1+ (1,0) [0|15] \"\" Vector__XXX\n",
            range: 0..753,
        },
        inner: [
            Pair {
                rule: version,
                span: Span {
                    str: "VERSION \"\"\n",
                    range: 0..11,
                },
                inner: [
                    Pair {
                        rule: quoted_str,
                        span: Span {
                            str: "\"\"",
                            range: 8..10,
                        },
                        inner: [
                            Pair {
                                rule: string,
                                span: Span {
                                    str: "",
                                    range: 9..9,
                                },
                                inner: [],
                            },
                        ],
                    },
                ],
            },
            Pair {
                rule: new_symbols,
                span: Span {
                    str: "NS_ : \n\tNS_DESC_\n\tCM_\n\tBA_DEF_\n\tBA_\n\tVAL_\n\tCAT_DEF_\n\tCAT_\n\tFILTER\n\tBA_DEF_DEF_\n\tEV_DATA_\n\tENVVAR_DATA_\n\tSGTYPE_\n\tSGTYPE_VAL_\n\tBA_DEF_SGTYPE_\n\tBA_SGTYPE_\n\tSIG_TYPE_REF_\n\tVAL_TABLE_\n\tSIG_GROUP_\n\tSIG_VALTYPE_\n\tSIGTYPE_VALTYPE_\n\tBO_TX_BU_\n\tBA_DEF_REL_\n\tBA_REL_\n\tBA_DEF_DEF_REL_\n\tBU_SG_REL_\n\tBU_EV_REL_\n\tBU_BO_REL_\n\tSG_MUL_VAL_\n\n",
                    range: 13..337,
                },
                inner: [
                    Pair {
                        rule: ident,
                        span: Span {
                            str: "NS_DESC_",
                            range: 21..29,
                        },
                        inner: [],
                    },
                    Pair {
                        rule: ident,
                        span: Span {
                            str: "CM_",
                            range: 31..34,
                        },
                        inner: [],
                    },
                    Pair {
                        rule: ident,
                        span: Span {
                            str: "BA_DEF_",
                            range: 36..43,
                        },
                        inner: [],
                    },
                    Pair {
                        rule: ident,
                        span: Span {
                            str: "BA_",
                            range: 45..48,
                        },
                        inner: [],
                    },
                    Pair {
                        rule: ident,
                        span: Span {
                            str: "VAL_",
                            range: 50..54,
                        },
                        inner: [],
                    },
                    Pair {
                        rule: ident,
                        span: Span {
                            str: "CAT_DEF_",
                            range: 56..64,
                        },
                        inner: [],
                    },
                    Pair {
                        rule: ident,
                        span: Span {
                            str: "CAT_",
                            range: 66..70,
                        },
                        inner: [],
                    },
                    Pair {
                        rule: ident,
                        span: Span {
                            str: "FILTER",
                            range: 72..78,
                        },
                        inner: [],
                    },
                    Pair {
                        rule: ident,
                        span: Span {
                            str: "BA_DEF_DEF_",
                            range: 80..91,
                        },
                        inner: [],
                    },
                    Pair {
                        rule: ident,
                        span: Span {
                            str: "EV_DATA_",
                            range: 93..101,
                        },
                        inner: [],
                    },
                    Pair {
                        rule: ident,
                        span: Span {
                            str: "ENVVAR_DATA_",
                            range: 103..115,
                        },
                        inner: [],
                    },
                    Pair {
                        rule: ident,
                        span: Span {
                            str: "SGTYPE_",
                            range: 117..124,
                        },
                        inner: [],
                    },
                    Pair {
                        rule: ident,
                        span: Span {
                            str: "SGTYPE_VAL_",
                            range: 126..137,
                        },
                        inner: [],
                    },
                    Pair {
                        rule: ident,
                        span: Span {
                            str: "BA_DEF_SGTYPE_",
                            range: 139..153,
                        },
                        inner: [],
                    },
                    Pair {
                        rule: ident,
                        span: Span {
                            str: "BA_SGTYPE_",
                            range: 155..165,
                        },
                        inner: [],
                    },
                    Pair {
                        rule: ident,
                        span: Span {
                            str: "SIG_TYPE_REF_",
                            range: 167..180,
                        },
                        inner: [],
                    },
                    Pair {
                        rule: ident,
                        span: Span {
                            str: "VAL_TABLE_",
                            range: 182..192,
                        },
                        inner: [],
                    },
                    Pair {
                        rule: ident,
                        span: Span {
                            str: "SIG_GROUP_",
                            range: 194..204,
                        },
                        inner: [],
                    },
                    Pair {
                        rule: ident,
                        span: Span {
                            str: "SIG_VALTYPE_",
                            range: 206..218,
                        },
                        inner: [],
                    },
                    Pair {
                        rule: ident,
                        span: Span {
                            str: "SIGTYPE_VALTYPE_",
                            range: 220..236,
                        },
                        inner: [],
                    },
                    Pair {
                        rule: ident,
                        span: Span {
                            str: "BO_TX_BU_",
                            range: 238..247,
                        },
                        inner: [],
                    },
                    Pair {
                        rule: ident,
                        span: Span {
                            str: "BA_DEF_REL_",
                            range: 249..260,
                        },
                        inner: [],
                    },
                    Pair {
                        rule: ident,
                        span: Span {
                            str: "BA_REL_",
                            range: 262..269,
                        },
                        inner: [],
                    },
                    Pair {
                        rule: ident,
                        span: Span {
                            str: "BA_DEF_DEF_REL_",
                            range: 271..286,
                        },
                        inner: [],
                    },
                    Pair {
                        rule: ident,
                        span: Span {
                            str: "BU_SG_REL_",
                            range: 288..298,
                        },
                        inner: [],
                    },
                    Pair {
                        rule: ident,
                        span: Span {
                            str: "BU_EV_REL_",
                            range: 300..310,
                        },
                        inner: [],
                    },
                    Pair {
                        rule: ident,
                        span: Span {
                            str: "BU_BO_REL_",
                            range: 312..322,
                        },
                        inner: [],
                    },
                    Pair {
                        rule: ident,
                        span: Span {
                            str: "SG_MUL_VAL_",
                            range: 324..335,
                        },
                        inner: [],
                    },
                ],
            },
            Pair {
                rule: bit_timing,
                span: Span {
                    str: "BS_:\n",
                    range: 337..342,
                },
                inner: [],
            },
            Pair {
                rule: nodes,
                span: Span {
                    str: "BU_:\n\n",
                    range: 343..349,
                },
                inner: [],
            },
            Pair {
                rule: message,
                span: Span {
                    str: "BO_ 2566687742 AFT1PSI2: 8 Vector__XXX\n SG_ HtrRes : 40|16@1+ (0.1,0) [0|6425.5] \"ohm\" Vector__XXX\n SG_ MaxRes : 32|16@1+ (250,0) [0|62500] \"kohm\" Vector__XXX\n SG_ Temp : 16|16@1+ (0.03125,-273) [-273|1734.96875] \"ï¿½C\" Vector__XXX\n SG_ RegenFailedCount : 8|8@1+ (1,0) [0|250] \"\" Vector__XXX\n SG_ PwrSupply : 4|2@1+ (1,0) [0|3] \"\" Vector__XXX\n SG_ DetectionStatus : 0|4@1+ (1,0) [0|15] \"\" Vector__XXX",
                    range: 349..752,
                },
                inner: [
                    Pair {
                        rule: msg_var,
                        span: Span {
                            str: "BO_ 2566687742",
                            range: 349..363,
                        },
                        inner: [
                            Pair {
                                rule: message_id,
                                span: Span {
                                    str: "2566687742",
                                    range: 353..363,
                                },
                                inner: [],
                            },
                        ],
                    },
                    Pair {
                        rule: message_name,
                        span: Span {
                            str: "AFT1PSI2",
                            range: 364..372,
                        },
                        inner: [],
                    },
                    Pair {
                        rule: message_size,
                        span: Span {
                            str: "8",
                            range: 374..375,
                        },
                        inner: [],
                    },
                    Pair {
                        rule: transmitter,
                        span: Span {
                            str: "Vector__XXX",
                            range: 376..387,
                        },
                        inner: [],
                    },
                    Pair {
                        rule: signal,
                        span: Span {
                            str: "\n SG_ HtrRes : 40|16@1+ (0.1,0) [0|6425.5] \"ohm\" Vector__XXX",
                            range: 387..447,
                        },
                        inner: [
                            Pair {
                                rule: signal_nl_ident,
                                span: Span {
                                    str: "\n ",
                                    range: 387..389,
                                },
                                inner: [],
                            },
                            Pair {
                                rule: signal_name,
                                span: Span {
                                    str: "HtrRes",
                                    range: 393..399,
                                },
                                inner: [],
                            },
                            Pair {
                                rule: start_bit,
                                span: Span {
                                    str: "40",
                                    range: 402..404,
                                },
                                inner: [],
                            },
                            Pair {
                                rule: signal_size,
                                span: Span {
                                    str: "16",
                                    range: 405..407,
                                },
                                inner: [],
                            },
                            Pair {
                                rule: little_endian,
                                span: Span {
                                    str: "1",
                                    range: 408..409,
                                },
                                inner: [],
                            },
                            Pair {
                                rule: unsigned_type,
                                span: Span {
                                    str: "+",
                                    range: 409..410,
                                },
                                inner: [],
                            },
                            Pair {
                                rule: factor,
                                span: Span {
                                    str: "0.1",
                                    range: 412..415,
                                },
                                inner: [],
                            },
                            Pair {
                                rule: offset,
                                span: Span {
                                    str: "0",
                                    range: 416..417,
                                },
                                inner: [],
                            },
                            Pair {
                                rule: min_max,
                                span: Span {
                                    str: "[0|6425.5]",
                                    range: 419..429,
                                },
                                inner: [
                                    Pair {
                                        rule: minimum,
                                        span: Span {
                                            str: "0",
                                            range: 420..421,
                                        },
                                        inner: [],
                                    },
                                    Pair {
                                        rule: maximum,
                                        span: Span {
                                            str: "6425.5",
                                            range: 422..428,
                                        },
                                        inner: [],
                                    },
                                ],
                            },
                            Pair {
                                rule: unit,
                                span: Span {
                                    str: "\"ohm\"",
                                    range: 430..435,
                                },
                                inner: [
                                    Pair {
                                        rule: string,
                                        span: Span {
                                            str: "ohm",
                                            range: 431..434,
                                        },
                                        inner: [],
                                    },
                                ],
                            },
                            Pair {
                                rule: node_name,
                                span: Span {
                                    str: "Vector__XXX",
                                    range: 436..447,
                                },
                                inner: [],
                            },
                        ],
                    },
                    Pair {
                        rule: signal,
                        span: Span {
                            str: "\n SG_ MaxRes : 32|16@1+ (250,0) [0|62500] \"kohm\" Vector__XXX",
                            range: 447..507,
                        },
                        inner: [
                            Pair {
                                rule: signal_nl_ident,
                                span: Span {
                                    str: "\n ",
                                    range: 447..449,
                                },
                                inner: [],
                            },
                            Pair {
                                rule: signal_name,
                                span: Span {
                                    str: "MaxRes",
                                    range: 453..459,
                                },
                                inner: [],
                            },
                            Pair {
                                rule: start_bit,
                                span: Span {
                                    str: "32",
                                    range: 462..464,
                                },
                                inner: [],
                            },
                            Pair {
                                rule: signal_size,
                                span: Span {
                                    str: "16",
                                    range: 465..467,
                                },
                                inner: [],
                            },
                            Pair {
                                rule: little_endian,
                                span: Span {
                                    str: "1",
                                    range: 468..469,
                                },
                                inner: [],
                            },
                            Pair {
                                rule: unsigned_type,
                                span: Span {
                                    str: "+",
                                    range: 469..470,
                                },
                                inner: [],
                            },
                            Pair {
                                rule: factor,
                                span: Span {
                                    str: "250",
                                    range: 472..475,
                                },
                                inner: [],
                            },
                            Pair {
                                rule: offset,
                                span: Span {
                                    str: "0",
                                    range: 476..477,
                                },
                                inner: [],
                            },
                            Pair {
                                rule: min_max,
                                span: Span {
                                    str: "[0|62500]",
                                    range: 479..488,
                                },
                                inner: [
                                    Pair {
                                        rule: minimum,
                                        span: Span {
                                            str: "0",
                                            range: 480..481,
                                        },
                                        inner: [],
                                    },
                                    Pair {
                                        rule: maximum,
                                        span: Span {
                                            str: "62500",
                                            range: 482..487,
                                        },
                                        inner: [],
                                    },
                                ],
                            },
                            Pair {
                                rule: unit,
                                span: Span {
                                    str: "\"kohm\"",
                                    range: 489..495,
                                },
                                inner: [
                                    Pair {
                                        rule: string,
                                        span: Span {
                                            str: "kohm",
                                            range: 490..494,
                                        },
                                        inner: [],
                                    },
                                ],
                            },
                            Pair {
                                rule: node_name,
                                span: Span {
                                    str: "Vector__XXX",
                                    range: 496..507,
                                },
                                inner: [],
                            },
                        ],
                    },
                    Pair {
                        rule: signal,
                        span: Span {
                            str: "\n SG_ Temp : 16|16@1+ (0.03125,-273) [-273|1734.96875] \"ï¿½C\" Vector__XXX",
                            range: 507..583,
                        },
                        inner: [
                            Pair {
                                rule: signal_nl_ident,
                                span: Span {
                                    str: "\n ",
                                    range: 507..509,
                                },
                                inner: [],
                            },
                            Pair {
                                rule: signal_name,
                                span: Span {
                                    str: "Temp",
                                    range: 513..517,
                                },
                                inner: [],
                            },
                            Pair {
                                rule: start_bit,
                                span: Span {
                                    str: "16",
                                    range: 520..522,
                                },
                                inner: [],
                            },
                            Pair {
                                rule: signal_size,
                                span: Span {
                                    str: "16",
                                    range: 523..525,
                                },
                                inner: [],
                            },
                            Pair {
                                rule: little_endian,
                                span: Span {
                                    str: "1",
                                    range: 526..527,
                                },
                                inner: [],
                            },
                            Pair {
                                rule: unsigned_type,
                                span: Span {
                                    str: "+",
                                    range: 527..528,
                                },
                                inner: [],
                            },
                            Pair {
                                rule: factor,
                                span: Span {
                                    str: "0.03125",
                                    range: 530..537,
                                },
                                inner: [],
                            },
                            Pair {
                                rule: offset,
                                span: Span {
                                    str: "-273",
                                    range: 538..542,
                                },
                                inner: [],
                            },
                            Pair {
                                rule: min_max,
                                span: Span {
                                    str: "[-273|1734.96875]",
                                    range: 544..561,
                                },
                                inner: [
                                    Pair {
                                        rule: minimum,
                                        span: Span {
                                            str: "-273",
                                            range: 545..549,
                                        },
                                        inner: [],
                                    },
                                    Pair {
                                        rule: maximum,
                                        span: Span {
                                            str: "1734.96875",
                                            range: 550..560,
                                        },
                                        inner: [],
                                    },
                                ],
                            },
                            Pair {
                                rule: unit,
                                span: Span {
                                    str: "\"ï¿½C\"",
                                    range: 562..571,
                                },
                                inner: [
                                    Pair {
                                        rule: string,
                                        span: Span {
                                            str: "ï¿½C",
                                            range: 563..570,
                                        },
                                        inner: [],
                                    },
                                ],
                            },
                            Pair {
                                rule: node_name,
                                span: Span {
                                    str: "Vector__XXX",
                                    range: 572..583,
                                },
                                inner: [],
                            },
                        ],
                    },
                    Pair {
                        rule: signal,
                        span: Span {
                            str: "\n SG_ RegenFailedCount : 8|8@1+ (1,0) [0|250] \"\" Vector__XXX",
                            range: 583..643,
                        },
                        inner: [
                            Pair {
                                rule: signal_nl_ident,
                                span: Span {
                                    str: "\n ",
                                    range: 583..585,
                                },
                                inner: [],
                            },
                            Pair {
                                rule: signal_name,
                                span: Span {
                                    str: "RegenFailedCount",
                                    range: 589..605,
                                },
                                inner: [],
                            },
                            Pair {
                                rule: start_bit,
                                span: Span {
                                    str: "8",
                                    range: 608..609,
                                },
                                inner: [],
                            },
                            Pair {
                                rule: signal_size,
                                span: Span {
                                    str: "8",
                                    range: 610..611,
                                },
                                inner: [],
                            },
                            Pair {
                                rule: little_endian,
                                span: Span {
                                    str: "1",
                                    range: 612..613,
                                },
                                inner: [],
                            },
                            Pair {
                                rule: unsigned_type,
                                span: Span {
                                    str: "+",
                                    range: 613..614,
                                },
                                inner: [],
                            },
                            Pair {
                                rule: factor,
                                span: Span {
                                    str: "1",
                                    range: 616..617,
                                },
                                inner: [],
                            },
                            Pair {
                                rule: offset,
                                span: Span {
                                    str: "0",
                                    range: 618..619,
                                },
                                inner: [],
                            },
                            Pair {
                                rule: min_max,
                                span: Span {
                                    str: "[0|250]",
                                    range: 621..628,
                                },
                                inner: [
                                    Pair {
                                        rule: minimum,
                                        span: Span {
                                            str: "0",
                                            range: 622..623,
                                        },
                                        inner: [],
                                    },
                                    Pair {
                                        rule: maximum,
                                        span: Span {
                                            str: "250",
                                            range: 624..627,
                                        },
                                        inner: [],
                                    },
                                ],
                            },
                            Pair {
                                rule: unit,
                                span: Span {
                                    str: "\"\"",
                                    range: 629..631,
                                },
                                inner: [
                                    Pair {
                                        rule: string,
                                        span: Span {
                                            str: "",
                                            range: 630..630,
                                        },
                                        inner: [],
                                    },
                                ],
                            },
                            Pair {
                                rule: node_name,
                                span: Span {
                                    str: "Vector__XXX",
                                    range: 632..643,
                                },
                                inner: [],
                            },
                        ],
                    },
                    Pair {
                        rule: signal,
                        span: Span {
                            str: "\n SG_ PwrSupply : 4|2@1+ (1,0) [0|3] \"\" Vector__XXX",
                            range: 643..694,
                        },
                        inner: [
                            Pair {
                                rule: signal_nl_ident,
                                span: Span {
                                    str: "\n ",
                                    range: 643..645,
                                },
                                inner: [],
                            },
                            Pair {
                                rule: signal_name,
                                span: Span {
                                    str: "PwrSupply",
                                    range: 649..658,
                                },
                                inner: [],
                            },
                            Pair {
                                rule: start_bit,
                                span: Span {
                                    str: "4",
                                    range: 661..662,
                                },
                                inner: [],
                            },
                            Pair {
                                rule: signal_size,
                                span: Span {
                                    str: "2",
                                    range: 663..664,
                                },
                                inner: [],
                            },
                            Pair {
                                rule: little_endian,
                                span: Span {
                                    str: "1",
                                    range: 665..666,
                                },
                                inner: [],
                            },
                            Pair {
                                rule: unsigned_type,
                                span: Span {
                                    str: "+",
                                    range: 666..667,
                                },
                                inner: [],
                            },
                            Pair {
                                rule: factor,
                                span: Span {
                                    str: "1",
                                    range: 669..670,
                                },
                                inner: [],
                            },
                            Pair {
                                rule: offset,
                                span: Span {
                                    str: "0",
                                    range: 671..672,
                                },
                                inner: [],
                            },
                            Pair {
                                rule: min_max,
                                span: Span {
                                    str: "[0|3]",
                                    range: 674..679,
                                },
                                inner: [
                                    Pair {
                                        rule: minimum,
                                        span: Span {
                                            str: "0",
                                            range: 675..676,
                                        },
                                        inner: [],
                                    },
                                    Pair {
                                        rule: maximum,
                                        span: Span {
                                            str: "3",
                                            range: 677..678,
                                        },
                                        inner: [],
                                    },
                                ],
                            },
                            Pair {
                                rule: unit,
                                span: Span {
                                    str: "\"\"",
                                    range: 680..682,
                                },
                                inner: [
                                    Pair {
                                        rule: string,
                                        span: Span {
                                            str: "",
                                            range: 681..681,
                                        },
                                        inner: [],
                                    },
                                ],
                            },
                            Pair {
                                rule: node_name,
                                span: Span {
                                    str: "Vector__XXX",
                                    range: 683..694,
                                },
                                inner: [],
                            },
                        ],
                    },
                    Pair {
                        rule: signal,
                        span: Span {
                            str: "\n SG_ DetectionStatus : 0|4@1+ (1,0) [0|15] \"\" Vector__XXX",
                            range: 694..752,
                        },
                        inner: [
                            Pair {
                                rule: signal_nl_ident,
                                span: Span {
                                    str: "\n ",
                                    range: 694..696,
                                },
                                inner: [],
                            },
                            Pair {
                                rule: signal_name,
                                span: Span {
                                    str: "DetectionStatus",
                                    range: 700..715,
                                },
                                inner: [],
                            },
                            Pair {
                                rule: start_bit,
                                span: Span {
                                    str: "0",
                                    range: 718..719,
                                },
                                inner: [],
                            },
                            Pair {
                                rule: signal_size,
                                span: Span {
                                    str: "4",
                                    range: 720..721,
                                },
                                inner: [],
                            },
                            Pair {
                                rule: little_endian,
                                span: Span {
                                    str: "1",
                                    range: 722..723,
                                },
                                inner: [],
                            },
                            Pair {
                                rule: unsigned_type,
                                span: Span {
                                    str: "+",
                                    range: 723..724,
                                },
                                inner: [],
                            },
                            Pair {
                                rule: factor,
                                span: Span {
                                    str: "1",
                                    range: 726..727,
                                },
                                inner: [],
                            },
                            Pair {
                                rule: offset,
                                span: Span {
                                    str: "0",
                                    range: 728..729,
                                },
                                inner: [],
                            },
                            Pair {
                                rule: min_max,
                                span: Span {
                                    str: "[0|15]",
                                    range: 731..737,
                                },
                                inner: [
                                    Pair {
                                        rule: minimum,
                                        span: Span {
                                            str: "0",
                                            range: 732..733,
                                        },
                                        inner: [],
                                    },
                                    Pair {
                                        rule: maximum,
                                        span: Span {
                                            str: "15",
                                            range: 734..736,
                                        },
                                        inner: [],
                                    },
                                ],
                            },
                            Pair {
                                rule: unit,
                                span: Span {
                                    str: "\"\"",
                                    range: 738..740,
                                },
                                inner: [
                                    Pair {
                                        rule: string,
                                        span: Span {
                                            str: "",
                                            range: 739..739,
                                        },
                                        inner: [],
                                    },
                                ],
                            },
                            Pair {
                                rule: node_name,
                                span: Span {
                                    str: "Vector__XXX",
                                    range: 741..752,
                                },
                                inner: [],
                            },
                        ],
                    },
                ],
            },
            Pair {
                rule: EOI,
                span: Span {
                    str: "",
                    range: 753..753,
                },
                inner: [],
            },
        ],
    },
]
