---
source: tests/snapshots.rs
---
[
    Pair {
        rule: file,
        span: Span {
            str: "VERSION \"\"\n\n\nNS_ : \n\tNS_DESC_\n\tCM_\n\tBA_DEF_\n\tBA_\n\tVAL_\n\tCAT_DEF_\n\tCAT_\n\tFILTER\n\tBA_DEF_DEF_\n\tEV_DATA_\n\tENVVAR_DATA_\n\tSGTYPE_\n\tSGTYPE_VAL_\n\tBA_DEF_SGTYPE_\n\tBA_SGTYPE_\n\tSIG_TYPE_REF_\n\tVAL_TABLE_\n\tSIG_GROUP_\n\tSIG_VALTYPE_\n\tSIGTYPE_VALTYPE_\n\tBO_TX_BU_\n\tBA_DEF_REL_\n\tBA_REL_\n\tBA_DEF_DEF_REL_\n\tBU_SG_REL_\n\tBU_EV_REL_\n\tBU_BO_REL_\n\tSG_MUL_VAL_\n\nBS_:\n\nBU_:\n\nBO_ 2566687742 AFT1PSI2: 8 Vector__XXX\n SG_ HtrRes : 40|16@1+ (0.1,0) [0|6425.5] \"ohm\" Vector__XXX\n SG_ MaxRes : 32|16@1+ (250,0) [0|62500] \"kohm\" Vector__XXX\n SG_ Temp : 16|16@1+ (0.03125,-273) [-273|1734.96875] \"ï¿½C\" Vector__XXX\n SG_ RegenFailedCount : 8|8@1+ (1,0) [0|250] \"\" Vector__XXX\n SG_ PwrSupply : 4|2@1+ (1,0) [0|3] \"\" Vector__XXX\n SG_ DetectionStatus : 0|4@1+ (1,0) [0|15] \"\" Vector__XXX\n",
            start: 0,
            end: 753,
        },
        inner: [
            Pair {
                rule: version,
                span: Span {
                    str: "VERSION \"\"\n",
                    start: 0,
                    end: 11,
                },
                inner: [
                    Pair {
                        rule: quoted_str,
                        span: Span {
                            str: "\"\"",
                            start: 8,
                            end: 10,
                        },
                        inner: [
                            Pair {
                                rule: string,
                                span: Span {
                                    str: "",
                                    start: 9,
                                    end: 9,
                                },
                                inner: [],
                            },
                        ],
                    },
                ],
            },
            Pair {
                rule: new_symbols,
                span: Span {
                    str: "NS_ : \n\tNS_DESC_\n\tCM_\n\tBA_DEF_\n\tBA_\n\tVAL_\n\tCAT_DEF_\n\tCAT_\n\tFILTER\n\tBA_DEF_DEF_\n\tEV_DATA_\n\tENVVAR_DATA_\n\tSGTYPE_\n\tSGTYPE_VAL_\n\tBA_DEF_SGTYPE_\n\tBA_SGTYPE_\n\tSIG_TYPE_REF_\n\tVAL_TABLE_\n\tSIG_GROUP_\n\tSIG_VALTYPE_\n\tSIGTYPE_VALTYPE_\n\tBO_TX_BU_\n\tBA_DEF_REL_\n\tBA_REL_\n\tBA_DEF_DEF_REL_\n\tBU_SG_REL_\n\tBU_EV_REL_\n\tBU_BO_REL_\n\tSG_MUL_VAL_\n\n",
                    start: 13,
                    end: 337,
                },
                inner: [
                    Pair {
                        rule: ident,
                        span: Span {
                            str: "NS_DESC_",
                            start: 21,
                            end: 29,
                        },
                        inner: [],
                    },
                    Pair {
                        rule: ident,
                        span: Span {
                            str: "CM_",
                            start: 31,
                            end: 34,
                        },
                        inner: [],
                    },
                    Pair {
                        rule: ident,
                        span: Span {
                            str: "BA_DEF_",
                            start: 36,
                            end: 43,
                        },
                        inner: [],
                    },
                    Pair {
                        rule: ident,
                        span: Span {
                            str: "BA_",
                            start: 45,
                            end: 48,
                        },
                        inner: [],
                    },
                    Pair {
                        rule: ident,
                        span: Span {
                            str: "VAL_",
                            start: 50,
                            end: 54,
                        },
                        inner: [],
                    },
                    Pair {
                        rule: ident,
                        span: Span {
                            str: "CAT_DEF_",
                            start: 56,
                            end: 64,
                        },
                        inner: [],
                    },
                    Pair {
                        rule: ident,
                        span: Span {
                            str: "CAT_",
                            start: 66,
                            end: 70,
                        },
                        inner: [],
                    },
                    Pair {
                        rule: ident,
                        span: Span {
                            str: "FILTER",
                            start: 72,
                            end: 78,
                        },
                        inner: [],
                    },
                    Pair {
                        rule: ident,
                        span: Span {
                            str: "BA_DEF_DEF_",
                            start: 80,
                            end: 91,
                        },
                        inner: [],
                    },
                    Pair {
                        rule: ident,
                        span: Span {
                            str: "EV_DATA_",
                            start: 93,
                            end: 101,
                        },
                        inner: [],
                    },
                    Pair {
                        rule: ident,
                        span: Span {
                            str: "ENVVAR_DATA_",
                            start: 103,
                            end: 115,
                        },
                        inner: [],
                    },
                    Pair {
                        rule: ident,
                        span: Span {
                            str: "SGTYPE_",
                            start: 117,
                            end: 124,
                        },
                        inner: [],
                    },
                    Pair {
                        rule: ident,
                        span: Span {
                            str: "SGTYPE_VAL_",
                            start: 126,
                            end: 137,
                        },
                        inner: [],
                    },
                    Pair {
                        rule: ident,
                        span: Span {
                            str: "BA_DEF_SGTYPE_",
                            start: 139,
                            end: 153,
                        },
                        inner: [],
                    },
                    Pair {
                        rule: ident,
                        span: Span {
                            str: "BA_SGTYPE_",
                            start: 155,
                            end: 165,
                        },
                        inner: [],
                    },
                    Pair {
                        rule: ident,
                        span: Span {
                            str: "SIG_TYPE_REF_",
                            start: 167,
                            end: 180,
                        },
                        inner: [],
                    },
                    Pair {
                        rule: ident,
                        span: Span {
                            str: "VAL_TABLE_",
                            start: 182,
                            end: 192,
                        },
                        inner: [],
                    },
                    Pair {
                        rule: ident,
                        span: Span {
                            str: "SIG_GROUP_",
                            start: 194,
                            end: 204,
                        },
                        inner: [],
                    },
                    Pair {
                        rule: ident,
                        span: Span {
                            str: "SIG_VALTYPE_",
                            start: 206,
                            end: 218,
                        },
                        inner: [],
                    },
                    Pair {
                        rule: ident,
                        span: Span {
                            str: "SIGTYPE_VALTYPE_",
                            start: 220,
                            end: 236,
                        },
                        inner: [],
                    },
                    Pair {
                        rule: ident,
                        span: Span {
                            str: "BO_TX_BU_",
                            start: 238,
                            end: 247,
                        },
                        inner: [],
                    },
                    Pair {
                        rule: ident,
                        span: Span {
                            str: "BA_DEF_REL_",
                            start: 249,
                            end: 260,
                        },
                        inner: [],
                    },
                    Pair {
                        rule: ident,
                        span: Span {
                            str: "BA_REL_",
                            start: 262,
                            end: 269,
                        },
                        inner: [],
                    },
                    Pair {
                        rule: ident,
                        span: Span {
                            str: "BA_DEF_DEF_REL_",
                            start: 271,
                            end: 286,
                        },
                        inner: [],
                    },
                    Pair {
                        rule: ident,
                        span: Span {
                            str: "BU_SG_REL_",
                            start: 288,
                            end: 298,
                        },
                        inner: [],
                    },
                    Pair {
                        rule: ident,
                        span: Span {
                            str: "BU_EV_REL_",
                            start: 300,
                            end: 310,
                        },
                        inner: [],
                    },
                    Pair {
                        rule: ident,
                        span: Span {
                            str: "BU_BO_REL_",
                            start: 312,
                            end: 322,
                        },
                        inner: [],
                    },
                    Pair {
                        rule: ident,
                        span: Span {
                            str: "SG_MUL_VAL_",
                            start: 324,
                            end: 335,
                        },
                        inner: [],
                    },
                ],
            },
            Pair {
                rule: bit_timing,
                span: Span {
                    str: "BS_:\n",
                    start: 337,
                    end: 342,
                },
                inner: [],
            },
            Pair {
                rule: nodes,
                span: Span {
                    str: "BU_:\n\n",
                    start: 343,
                    end: 349,
                },
                inner: [],
            },
            Pair {
                rule: message,
                span: Span {
                    str: "BO_ 2566687742 AFT1PSI2: 8 Vector__XXX",
                    start: 349,
                    end: 387,
                },
                inner: [
                    Pair {
                        rule: msg_var,
                        span: Span {
                            str: "BO_ 2566687742",
                            start: 349,
                            end: 363,
                        },
                        inner: [
                            Pair {
                                rule: message_id,
                                span: Span {
                                    str: "2566687742",
                                    start: 353,
                                    end: 363,
                                },
                                inner: [],
                            },
                        ],
                    },
                    Pair {
                        rule: message_name,
                        span: Span {
                            str: "AFT1PSI2",
                            start: 364,
                            end: 372,
                        },
                        inner: [],
                    },
                    Pair {
                        rule: message_size,
                        span: Span {
                            str: "8",
                            start: 374,
                            end: 375,
                        },
                        inner: [],
                    },
                    Pair {
                        rule: transmitter,
                        span: Span {
                            str: "Vector__XXX",
                            start: 376,
                            end: 387,
                        },
                        inner: [],
                    },
                ],
            },
            Pair {
                rule: signal,
                span: Span {
                    str: "SG_ HtrRes : 40|16@1+ (0.1,0) [0|6425.5] \"ohm\" Vector__XXX",
                    start: 389,
                    end: 447,
                },
                inner: [
                    Pair {
                        rule: signal_name,
                        span: Span {
                            str: "HtrRes",
                            start: 393,
                            end: 399,
                        },
                        inner: [],
                    },
                    Pair {
                        rule: start_bit,
                        span: Span {
                            str: "40",
                            start: 402,
                            end: 404,
                        },
                        inner: [],
                    },
                    Pair {
                        rule: signal_size,
                        span: Span {
                            str: "16",
                            start: 405,
                            end: 407,
                        },
                        inner: [],
                    },
                    Pair {
                        rule: little_endian,
                        span: Span {
                            str: "1",
                            start: 408,
                            end: 409,
                        },
                        inner: [],
                    },
                    Pair {
                        rule: unsigned_type,
                        span: Span {
                            str: "+",
                            start: 409,
                            end: 410,
                        },
                        inner: [],
                    },
                    Pair {
                        rule: factor,
                        span: Span {
                            str: "0.1",
                            start: 412,
                            end: 415,
                        },
                        inner: [],
                    },
                    Pair {
                        rule: offset,
                        span: Span {
                            str: "0",
                            start: 416,
                            end: 417,
                        },
                        inner: [],
                    },
                    Pair {
                        rule: min_max,
                        span: Span {
                            str: "[0|6425.5]",
                            start: 419,
                            end: 429,
                        },
                        inner: [
                            Pair {
                                rule: minimum,
                                span: Span {
                                    str: "0",
                                    start: 420,
                                    end: 421,
                                },
                                inner: [],
                            },
                            Pair {
                                rule: maximum,
                                span: Span {
                                    str: "6425.5",
                                    start: 422,
                                    end: 428,
                                },
                                inner: [],
                            },
                        ],
                    },
                    Pair {
                        rule: unit,
                        span: Span {
                            str: "\"ohm\"",
                            start: 430,
                            end: 435,
                        },
                        inner: [
                            Pair {
                                rule: string,
                                span: Span {
                                    str: "ohm",
                                    start: 431,
                                    end: 434,
                                },
                                inner: [],
                            },
                        ],
                    },
                    Pair {
                        rule: receiver,
                        span: Span {
                            str: "Vector__XXX",
                            start: 436,
                            end: 447,
                        },
                        inner: [],
                    },
                ],
            },
            Pair {
                rule: signal,
                span: Span {
                    str: "SG_ MaxRes : 32|16@1+ (250,0) [0|62500] \"kohm\" Vector__XXX",
                    start: 449,
                    end: 507,
                },
                inner: [
                    Pair {
                        rule: signal_name,
                        span: Span {
                            str: "MaxRes",
                            start: 453,
                            end: 459,
                        },
                        inner: [],
                    },
                    Pair {
                        rule: start_bit,
                        span: Span {
                            str: "32",
                            start: 462,
                            end: 464,
                        },
                        inner: [],
                    },
                    Pair {
                        rule: signal_size,
                        span: Span {
                            str: "16",
                            start: 465,
                            end: 467,
                        },
                        inner: [],
                    },
                    Pair {
                        rule: little_endian,
                        span: Span {
                            str: "1",
                            start: 468,
                            end: 469,
                        },
                        inner: [],
                    },
                    Pair {
                        rule: unsigned_type,
                        span: Span {
                            str: "+",
                            start: 469,
                            end: 470,
                        },
                        inner: [],
                    },
                    Pair {
                        rule: factor,
                        span: Span {
                            str: "250",
                            start: 472,
                            end: 475,
                        },
                        inner: [],
                    },
                    Pair {
                        rule: offset,
                        span: Span {
                            str: "0",
                            start: 476,
                            end: 477,
                        },
                        inner: [],
                    },
                    Pair {
                        rule: min_max,
                        span: Span {
                            str: "[0|62500]",
                            start: 479,
                            end: 488,
                        },
                        inner: [
                            Pair {
                                rule: minimum,
                                span: Span {
                                    str: "0",
                                    start: 480,
                                    end: 481,
                                },
                                inner: [],
                            },
                            Pair {
                                rule: maximum,
                                span: Span {
                                    str: "62500",
                                    start: 482,
                                    end: 487,
                                },
                                inner: [],
                            },
                        ],
                    },
                    Pair {
                        rule: unit,
                        span: Span {
                            str: "\"kohm\"",
                            start: 489,
                            end: 495,
                        },
                        inner: [
                            Pair {
                                rule: string,
                                span: Span {
                                    str: "kohm",
                                    start: 490,
                                    end: 494,
                                },
                                inner: [],
                            },
                        ],
                    },
                    Pair {
                        rule: receiver,
                        span: Span {
                            str: "Vector__XXX",
                            start: 496,
                            end: 507,
                        },
                        inner: [],
                    },
                ],
            },
            Pair {
                rule: signal,
                span: Span {
                    str: "SG_ Temp : 16|16@1+ (0.03125,-273) [-273|1734.96875] \"ï¿½C\" Vector__XXX",
                    start: 509,
                    end: 583,
                },
                inner: [
                    Pair {
                        rule: signal_name,
                        span: Span {
                            str: "Temp",
                            start: 513,
                            end: 517,
                        },
                        inner: [],
                    },
                    Pair {
                        rule: start_bit,
                        span: Span {
                            str: "16",
                            start: 520,
                            end: 522,
                        },
                        inner: [],
                    },
                    Pair {
                        rule: signal_size,
                        span: Span {
                            str: "16",
                            start: 523,
                            end: 525,
                        },
                        inner: [],
                    },
                    Pair {
                        rule: little_endian,
                        span: Span {
                            str: "1",
                            start: 526,
                            end: 527,
                        },
                        inner: [],
                    },
                    Pair {
                        rule: unsigned_type,
                        span: Span {
                            str: "+",
                            start: 527,
                            end: 528,
                        },
                        inner: [],
                    },
                    Pair {
                        rule: factor,
                        span: Span {
                            str: "0.03125",
                            start: 530,
                            end: 537,
                        },
                        inner: [],
                    },
                    Pair {
                        rule: offset,
                        span: Span {
                            str: "-273",
                            start: 538,
                            end: 542,
                        },
                        inner: [],
                    },
                    Pair {
                        rule: min_max,
                        span: Span {
                            str: "[-273|1734.96875]",
                            start: 544,
                            end: 561,
                        },
                        inner: [
                            Pair {
                                rule: minimum,
                                span: Span {
                                    str: "-273",
                                    start: 545,
                                    end: 549,
                                },
                                inner: [],
                            },
                            Pair {
                                rule: maximum,
                                span: Span {
                                    str: "1734.96875",
                                    start: 550,
                                    end: 560,
                                },
                                inner: [],
                            },
                        ],
                    },
                    Pair {
                        rule: unit,
                        span: Span {
                            str: "\"ï¿½C\"",
                            start: 562,
                            end: 571,
                        },
                        inner: [
                            Pair {
                                rule: string,
                                span: Span {
                                    str: "ï¿½C",
                                    start: 563,
                                    end: 570,
                                },
                                inner: [],
                            },
                        ],
                    },
                    Pair {
                        rule: receiver,
                        span: Span {
                            str: "Vector__XXX",
                            start: 572,
                            end: 583,
                        },
                        inner: [],
                    },
                ],
            },
            Pair {
                rule: signal,
                span: Span {
                    str: "SG_ RegenFailedCount : 8|8@1+ (1,0) [0|250] \"\" Vector__XXX",
                    start: 585,
                    end: 643,
                },
                inner: [
                    Pair {
                        rule: signal_name,
                        span: Span {
                            str: "RegenFailedCount",
                            start: 589,
                            end: 605,
                        },
                        inner: [],
                    },
                    Pair {
                        rule: start_bit,
                        span: Span {
                            str: "8",
                            start: 608,
                            end: 609,
                        },
                        inner: [],
                    },
                    Pair {
                        rule: signal_size,
                        span: Span {
                            str: "8",
                            start: 610,
                            end: 611,
                        },
                        inner: [],
                    },
                    Pair {
                        rule: little_endian,
                        span: Span {
                            str: "1",
                            start: 612,
                            end: 613,
                        },
                        inner: [],
                    },
                    Pair {
                        rule: unsigned_type,
                        span: Span {
                            str: "+",
                            start: 613,
                            end: 614,
                        },
                        inner: [],
                    },
                    Pair {
                        rule: factor,
                        span: Span {
                            str: "1",
                            start: 616,
                            end: 617,
                        },
                        inner: [],
                    },
                    Pair {
                        rule: offset,
                        span: Span {
                            str: "0",
                            start: 618,
                            end: 619,
                        },
                        inner: [],
                    },
                    Pair {
                        rule: min_max,
                        span: Span {
                            str: "[0|250]",
                            start: 621,
                            end: 628,
                        },
                        inner: [
                            Pair {
                                rule: minimum,
                                span: Span {
                                    str: "0",
                                    start: 622,
                                    end: 623,
                                },
                                inner: [],
                            },
                            Pair {
                                rule: maximum,
                                span: Span {
                                    str: "250",
                                    start: 624,
                                    end: 627,
                                },
                                inner: [],
                            },
                        ],
                    },
                    Pair {
                        rule: unit,
                        span: Span {
                            str: "\"\"",
                            start: 629,
                            end: 631,
                        },
                        inner: [
                            Pair {
                                rule: string,
                                span: Span {
                                    str: "",
                                    start: 630,
                                    end: 630,
                                },
                                inner: [],
                            },
                        ],
                    },
                    Pair {
                        rule: receiver,
                        span: Span {
                            str: "Vector__XXX",
                            start: 632,
                            end: 643,
                        },
                        inner: [],
                    },
                ],
            },
            Pair {
                rule: signal,
                span: Span {
                    str: "SG_ PwrSupply : 4|2@1+ (1,0) [0|3] \"\" Vector__XXX",
                    start: 645,
                    end: 694,
                },
                inner: [
                    Pair {
                        rule: signal_name,
                        span: Span {
                            str: "PwrSupply",
                            start: 649,
                            end: 658,
                        },
                        inner: [],
                    },
                    Pair {
                        rule: start_bit,
                        span: Span {
                            str: "4",
                            start: 661,
                            end: 662,
                        },
                        inner: [],
                    },
                    Pair {
                        rule: signal_size,
                        span: Span {
                            str: "2",
                            start: 663,
                            end: 664,
                        },
                        inner: [],
                    },
                    Pair {
                        rule: little_endian,
                        span: Span {
                            str: "1",
                            start: 665,
                            end: 666,
                        },
                        inner: [],
                    },
                    Pair {
                        rule: unsigned_type,
                        span: Span {
                            str: "+",
                            start: 666,
                            end: 667,
                        },
                        inner: [],
                    },
                    Pair {
                        rule: factor,
                        span: Span {
                            str: "1",
                            start: 669,
                            end: 670,
                        },
                        inner: [],
                    },
                    Pair {
                        rule: offset,
                        span: Span {
                            str: "0",
                            start: 671,
                            end: 672,
                        },
                        inner: [],
                    },
                    Pair {
                        rule: min_max,
                        span: Span {
                            str: "[0|3]",
                            start: 674,
                            end: 679,
                        },
                        inner: [
                            Pair {
                                rule: minimum,
                                span: Span {
                                    str: "0",
                                    start: 675,
                                    end: 676,
                                },
                                inner: [],
                            },
                            Pair {
                                rule: maximum,
                                span: Span {
                                    str: "3",
                                    start: 677,
                                    end: 678,
                                },
                                inner: [],
                            },
                        ],
                    },
                    Pair {
                        rule: unit,
                        span: Span {
                            str: "\"\"",
                            start: 680,
                            end: 682,
                        },
                        inner: [
                            Pair {
                                rule: string,
                                span: Span {
                                    str: "",
                                    start: 681,
                                    end: 681,
                                },
                                inner: [],
                            },
                        ],
                    },
                    Pair {
                        rule: receiver,
                        span: Span {
                            str: "Vector__XXX",
                            start: 683,
                            end: 694,
                        },
                        inner: [],
                    },
                ],
            },
            Pair {
                rule: signal,
                span: Span {
                    str: "SG_ DetectionStatus : 0|4@1+ (1,0) [0|15] \"\" Vector__XXX",
                    start: 696,
                    end: 752,
                },
                inner: [
                    Pair {
                        rule: signal_name,
                        span: Span {
                            str: "DetectionStatus",
                            start: 700,
                            end: 715,
                        },
                        inner: [],
                    },
                    Pair {
                        rule: start_bit,
                        span: Span {
                            str: "0",
                            start: 718,
                            end: 719,
                        },
                        inner: [],
                    },
                    Pair {
                        rule: signal_size,
                        span: Span {
                            str: "4",
                            start: 720,
                            end: 721,
                        },
                        inner: [],
                    },
                    Pair {
                        rule: little_endian,
                        span: Span {
                            str: "1",
                            start: 722,
                            end: 723,
                        },
                        inner: [],
                    },
                    Pair {
                        rule: unsigned_type,
                        span: Span {
                            str: "+",
                            start: 723,
                            end: 724,
                        },
                        inner: [],
                    },
                    Pair {
                        rule: factor,
                        span: Span {
                            str: "1",
                            start: 726,
                            end: 727,
                        },
                        inner: [],
                    },
                    Pair {
                        rule: offset,
                        span: Span {
                            str: "0",
                            start: 728,
                            end: 729,
                        },
                        inner: [],
                    },
                    Pair {
                        rule: min_max,
                        span: Span {
                            str: "[0|15]",
                            start: 731,
                            end: 737,
                        },
                        inner: [
                            Pair {
                                rule: minimum,
                                span: Span {
                                    str: "0",
                                    start: 732,
                                    end: 733,
                                },
                                inner: [],
                            },
                            Pair {
                                rule: maximum,
                                span: Span {
                                    str: "15",
                                    start: 734,
                                    end: 736,
                                },
                                inner: [],
                            },
                        ],
                    },
                    Pair {
                        rule: unit,
                        span: Span {
                            str: "\"\"",
                            start: 738,
                            end: 740,
                        },
                        inner: [
                            Pair {
                                rule: string,
                                span: Span {
                                    str: "",
                                    start: 739,
                                    end: 739,
                                },
                                inner: [],
                            },
                        ],
                    },
                    Pair {
                        rule: receiver,
                        span: Span {
                            str: "Vector__XXX",
                            start: 741,
                            end: 752,
                        },
                        inner: [],
                    },
                ],
            },
            Pair {
                rule: EOI,
                span: Span {
                    str: "",
                    start: 753,
                    end: 753,
                },
                inner: [],
            },
        ],
    },
]
