---
source: tests/snapshots.rs
---
[
    Pair {
        rule: file,
        span: Span {
            str: "VERSION \"1.0\"\n\n\nNS_ : \n\tNS_DESC_\n\tCM_\n\tBA_DEF_\n\tBA_\n\tVAL_\n\tCAT_DEF_\n\tCAT_\n\tFILTER\n\tBA_DEF_DEF_\n\tEV_DATA_\n\tENVVAR_DATA_\n\tSGTYPE_\n\tSGTYPE_VAL_\n\tBA_DEF_SGTYPE_\n\tBA_SGTYPE_\n\tSIG_TYPE_REF_\n\tVAL_TABLE_\n\tSIG_GROUP_\n\tSIG_VALTYPE_\n\tSIGTYPE_VALTYPE_\n\tBO_TX_BU_\n\tBA_DEF_REL_\n\tBA_REL_\n\tBA_DEF_DEF_REL_\n\tBU_SG_REL_\n\tBU_EV_REL_\n\tBU_BO_REL_\n\tSG_MUL_VAL_\n\nBS_:\n\nBU_: PCM1 FOO\nVAL_TABLE_ TempValueTable 4095 \"Error\" 4094 \"Init\" ;\n\n\nBO_ 496 ExampleMessage: 2 PCM1\n SG_ Temperature : 3|12@0+ (-0.01,4100) [4070|4100] \"degK\"  PCM1,FOO\n\n\n\nCM_ BO_ 496 \"Example message\";\nBA_DEF_ SG_  \"GenSigStartValue\" INT -2147483648 2147483647;\nBA_DEF_ BO_  \"GenMsgCycleTime\" INT 0 65535;\nBA_DEF_DEF_  \"GenSigStartValue\" 0;\nBA_DEF_DEF_  \"GenMsgCycleTime\" 0;\nBA_ \"GenSigStartValue\" SG_ 496 Temperature 4094;\nVAL_ 496 Temperature 4095 \"Error\" 4094 \"Init\" ;\n\n",
            start: 0,
            end: 820,
        },
        inner: [
            Pair {
                rule: version,
                span: Span {
                    str: "VERSION \"1.0\"\n",
                    start: 0,
                    end: 14,
                },
                inner: [
                    Pair {
                        rule: quoted_str,
                        span: Span {
                            str: "\"1.0\"",
                            start: 8,
                            end: 13,
                        },
                        inner: [
                            Pair {
                                rule: string,
                                span: Span {
                                    str: "1.0",
                                    start: 9,
                                    end: 12,
                                },
                                inner: [],
                            },
                        ],
                    },
                ],
            },
            Pair {
                rule: new_symbols,
                span: Span {
                    str: "NS_ : \n\tNS_DESC_\n\tCM_\n\tBA_DEF_\n\tBA_\n\tVAL_\n\tCAT_DEF_\n\tCAT_\n\tFILTER\n\tBA_DEF_DEF_\n\tEV_DATA_\n\tENVVAR_DATA_\n\tSGTYPE_\n\tSGTYPE_VAL_\n\tBA_DEF_SGTYPE_\n\tBA_SGTYPE_\n\tSIG_TYPE_REF_\n\tVAL_TABLE_\n\tSIG_GROUP_\n\tSIG_VALTYPE_\n\tSIGTYPE_VALTYPE_\n\tBO_TX_BU_\n\tBA_DEF_REL_\n\tBA_REL_\n\tBA_DEF_DEF_REL_\n\tBU_SG_REL_\n\tBU_EV_REL_\n\tBU_BO_REL_\n\tSG_MUL_VAL_\n\n",
                    start: 16,
                    end: 340,
                },
                inner: [
                    Pair {
                        rule: ident,
                        span: Span {
                            str: "NS_DESC_",
                            start: 24,
                            end: 32,
                        },
                        inner: [],
                    },
                    Pair {
                        rule: ident,
                        span: Span {
                            str: "CM_",
                            start: 34,
                            end: 37,
                        },
                        inner: [],
                    },
                    Pair {
                        rule: ident,
                        span: Span {
                            str: "BA_DEF_",
                            start: 39,
                            end: 46,
                        },
                        inner: [],
                    },
                    Pair {
                        rule: ident,
                        span: Span {
                            str: "BA_",
                            start: 48,
                            end: 51,
                        },
                        inner: [],
                    },
                    Pair {
                        rule: ident,
                        span: Span {
                            str: "VAL_",
                            start: 53,
                            end: 57,
                        },
                        inner: [],
                    },
                    Pair {
                        rule: ident,
                        span: Span {
                            str: "CAT_DEF_",
                            start: 59,
                            end: 67,
                        },
                        inner: [],
                    },
                    Pair {
                        rule: ident,
                        span: Span {
                            str: "CAT_",
                            start: 69,
                            end: 73,
                        },
                        inner: [],
                    },
                    Pair {
                        rule: ident,
                        span: Span {
                            str: "FILTER",
                            start: 75,
                            end: 81,
                        },
                        inner: [],
                    },
                    Pair {
                        rule: ident,
                        span: Span {
                            str: "BA_DEF_DEF_",
                            start: 83,
                            end: 94,
                        },
                        inner: [],
                    },
                    Pair {
                        rule: ident,
                        span: Span {
                            str: "EV_DATA_",
                            start: 96,
                            end: 104,
                        },
                        inner: [],
                    },
                    Pair {
                        rule: ident,
                        span: Span {
                            str: "ENVVAR_DATA_",
                            start: 106,
                            end: 118,
                        },
                        inner: [],
                    },
                    Pair {
                        rule: ident,
                        span: Span {
                            str: "SGTYPE_",
                            start: 120,
                            end: 127,
                        },
                        inner: [],
                    },
                    Pair {
                        rule: ident,
                        span: Span {
                            str: "SGTYPE_VAL_",
                            start: 129,
                            end: 140,
                        },
                        inner: [],
                    },
                    Pair {
                        rule: ident,
                        span: Span {
                            str: "BA_DEF_SGTYPE_",
                            start: 142,
                            end: 156,
                        },
                        inner: [],
                    },
                    Pair {
                        rule: ident,
                        span: Span {
                            str: "BA_SGTYPE_",
                            start: 158,
                            end: 168,
                        },
                        inner: [],
                    },
                    Pair {
                        rule: ident,
                        span: Span {
                            str: "SIG_TYPE_REF_",
                            start: 170,
                            end: 183,
                        },
                        inner: [],
                    },
                    Pair {
                        rule: ident,
                        span: Span {
                            str: "VAL_TABLE_",
                            start: 185,
                            end: 195,
                        },
                        inner: [],
                    },
                    Pair {
                        rule: ident,
                        span: Span {
                            str: "SIG_GROUP_",
                            start: 197,
                            end: 207,
                        },
                        inner: [],
                    },
                    Pair {
                        rule: ident,
                        span: Span {
                            str: "SIG_VALTYPE_",
                            start: 209,
                            end: 221,
                        },
                        inner: [],
                    },
                    Pair {
                        rule: ident,
                        span: Span {
                            str: "SIGTYPE_VALTYPE_",
                            start: 223,
                            end: 239,
                        },
                        inner: [],
                    },
                    Pair {
                        rule: ident,
                        span: Span {
                            str: "BO_TX_BU_",
                            start: 241,
                            end: 250,
                        },
                        inner: [],
                    },
                    Pair {
                        rule: ident,
                        span: Span {
                            str: "BA_DEF_REL_",
                            start: 252,
                            end: 263,
                        },
                        inner: [],
                    },
                    Pair {
                        rule: ident,
                        span: Span {
                            str: "BA_REL_",
                            start: 265,
                            end: 272,
                        },
                        inner: [],
                    },
                    Pair {
                        rule: ident,
                        span: Span {
                            str: "BA_DEF_DEF_REL_",
                            start: 274,
                            end: 289,
                        },
                        inner: [],
                    },
                    Pair {
                        rule: ident,
                        span: Span {
                            str: "BU_SG_REL_",
                            start: 291,
                            end: 301,
                        },
                        inner: [],
                    },
                    Pair {
                        rule: ident,
                        span: Span {
                            str: "BU_EV_REL_",
                            start: 303,
                            end: 313,
                        },
                        inner: [],
                    },
                    Pair {
                        rule: ident,
                        span: Span {
                            str: "BU_BO_REL_",
                            start: 315,
                            end: 325,
                        },
                        inner: [],
                    },
                    Pair {
                        rule: ident,
                        span: Span {
                            str: "SG_MUL_VAL_",
                            start: 327,
                            end: 338,
                        },
                        inner: [],
                    },
                ],
            },
            Pair {
                rule: bit_timing,
                span: Span {
                    str: "BS_:\n",
                    start: 340,
                    end: 345,
                },
                inner: [],
            },
            Pair {
                rule: nodes,
                span: Span {
                    str: "BU_: PCM1 FOO\n",
                    start: 346,
                    end: 360,
                },
                inner: [
                    Pair {
                        rule: node_name,
                        span: Span {
                            str: "PCM1",
                            start: 351,
                            end: 355,
                        },
                        inner: [],
                    },
                    Pair {
                        rule: node_name,
                        span: Span {
                            str: "FOO",
                            start: 356,
                            end: 359,
                        },
                        inner: [],
                    },
                ],
            },
            Pair {
                rule: value_table,
                span: Span {
                    str: "VAL_TABLE_ TempValueTable 4095 \"Error\" 4094 \"Init\" ;",
                    start: 360,
                    end: 412,
                },
                inner: [
                    Pair {
                        rule: table_name,
                        span: Span {
                            str: "TempValueTable",
                            start: 371,
                            end: 385,
                        },
                        inner: [],
                    },
                    Pair {
                        rule: table_value_description,
                        span: Span {
                            str: "4095 \"Error\"",
                            start: 386,
                            end: 398,
                        },
                        inner: [
                            Pair {
                                rule: int,
                                span: Span {
                                    str: "4095",
                                    start: 386,
                                    end: 390,
                                },
                                inner: [],
                            },
                            Pair {
                                rule: quoted_str,
                                span: Span {
                                    str: "\"Error\"",
                                    start: 391,
                                    end: 398,
                                },
                                inner: [
                                    Pair {
                                        rule: string,
                                        span: Span {
                                            str: "Error",
                                            start: 392,
                                            end: 397,
                                        },
                                        inner: [],
                                    },
                                ],
                            },
                        ],
                    },
                    Pair {
                        rule: table_value_description,
                        span: Span {
                            str: "4094 \"Init\"",
                            start: 399,
                            end: 410,
                        },
                        inner: [
                            Pair {
                                rule: int,
                                span: Span {
                                    str: "4094",
                                    start: 399,
                                    end: 403,
                                },
                                inner: [],
                            },
                            Pair {
                                rule: quoted_str,
                                span: Span {
                                    str: "\"Init\"",
                                    start: 404,
                                    end: 410,
                                },
                                inner: [
                                    Pair {
                                        rule: string,
                                        span: Span {
                                            str: "Init",
                                            start: 405,
                                            end: 409,
                                        },
                                        inner: [],
                                    },
                                ],
                            },
                        ],
                    },
                ],
            },
            Pair {
                rule: message,
                span: Span {
                    str: "BO_ 496 ExampleMessage: 2 PCM1",
                    start: 415,
                    end: 445,
                },
                inner: [
                    Pair {
                        rule: msg_var,
                        span: Span {
                            str: "BO_ 496",
                            start: 415,
                            end: 422,
                        },
                        inner: [
                            Pair {
                                rule: message_id,
                                span: Span {
                                    str: "496",
                                    start: 419,
                                    end: 422,
                                },
                                inner: [],
                            },
                        ],
                    },
                    Pair {
                        rule: message_name,
                        span: Span {
                            str: "ExampleMessage",
                            start: 423,
                            end: 437,
                        },
                        inner: [],
                    },
                    Pair {
                        rule: message_size,
                        span: Span {
                            str: "2",
                            start: 439,
                            end: 440,
                        },
                        inner: [],
                    },
                    Pair {
                        rule: transmitter,
                        span: Span {
                            str: "PCM1",
                            start: 441,
                            end: 445,
                        },
                        inner: [],
                    },
                ],
            },
            Pair {
                rule: signal,
                span: Span {
                    str: "SG_ Temperature : 3|12@0+ (-0.01,4100) [4070|4100] \"degK\"  PCM1,FOO",
                    start: 447,
                    end: 514,
                },
                inner: [
                    Pair {
                        rule: signal_name,
                        span: Span {
                            str: "Temperature",
                            start: 451,
                            end: 462,
                        },
                        inner: [],
                    },
                    Pair {
                        rule: start_bit,
                        span: Span {
                            str: "3",
                            start: 465,
                            end: 466,
                        },
                        inner: [],
                    },
                    Pair {
                        rule: signal_size,
                        span: Span {
                            str: "12",
                            start: 467,
                            end: 469,
                        },
                        inner: [],
                    },
                    Pair {
                        rule: big_endian,
                        span: Span {
                            str: "0",
                            start: 470,
                            end: 471,
                        },
                        inner: [],
                    },
                    Pair {
                        rule: unsigned_type,
                        span: Span {
                            str: "+",
                            start: 471,
                            end: 472,
                        },
                        inner: [],
                    },
                    Pair {
                        rule: factor,
                        span: Span {
                            str: "-0.01",
                            start: 474,
                            end: 479,
                        },
                        inner: [],
                    },
                    Pair {
                        rule: offset,
                        span: Span {
                            str: "4100",
                            start: 480,
                            end: 484,
                        },
                        inner: [],
                    },
                    Pair {
                        rule: min_max,
                        span: Span {
                            str: "[4070|4100]",
                            start: 486,
                            end: 497,
                        },
                        inner: [
                            Pair {
                                rule: minimum,
                                span: Span {
                                    str: "4070",
                                    start: 487,
                                    end: 491,
                                },
                                inner: [],
                            },
                            Pair {
                                rule: maximum,
                                span: Span {
                                    str: "4100",
                                    start: 492,
                                    end: 496,
                                },
                                inner: [],
                            },
                        ],
                    },
                    Pair {
                        rule: unit,
                        span: Span {
                            str: "\"degK\"",
                            start: 498,
                            end: 504,
                        },
                        inner: [
                            Pair {
                                rule: string,
                                span: Span {
                                    str: "degK",
                                    start: 499,
                                    end: 503,
                                },
                                inner: [],
                            },
                        ],
                    },
                    Pair {
                        rule: node_name,
                        span: Span {
                            str: "PCM1",
                            start: 506,
                            end: 510,
                        },
                        inner: [],
                    },
                    Pair {
                        rule: node_name,
                        span: Span {
                            str: "FOO",
                            start: 511,
                            end: 514,
                        },
                        inner: [],
                    },
                ],
            },
            Pair {
                rule: comment,
                span: Span {
                    str: "CM_ BO_ 496 \"Example message\";",
                    start: 518,
                    end: 548,
                },
                inner: [
                    Pair {
                        rule: msg_var,
                        span: Span {
                            str: "BO_ 496",
                            start: 522,
                            end: 529,
                        },
                        inner: [
                            Pair {
                                rule: message_id,
                                span: Span {
                                    str: "496",
                                    start: 526,
                                    end: 529,
                                },
                                inner: [],
                            },
                        ],
                    },
                    Pair {
                        rule: quoted_str,
                        span: Span {
                            str: "\"Example message\"",
                            start: 530,
                            end: 547,
                        },
                        inner: [
                            Pair {
                                rule: string,
                                span: Span {
                                    str: "Example message",
                                    start: 531,
                                    end: 546,
                                },
                                inner: [],
                            },
                        ],
                    },
                ],
            },
            Pair {
                rule: attr_def,
                span: Span {
                    str: "BA_DEF_ SG_  \"GenSigStartValue\" INT -2147483648 2147483647;",
                    start: 549,
                    end: 608,
                },
                inner: [
                    Pair {
                        rule: object_type,
                        span: Span {
                            str: "SG_",
                            start: 557,
                            end: 560,
                        },
                        inner: [],
                    },
                    Pair {
                        rule: attribute_name,
                        span: Span {
                            str: "\"GenSigStartValue\"",
                            start: 562,
                            end: 580,
                        },
                        inner: [
                            Pair {
                                rule: string,
                                span: Span {
                                    str: "GenSigStartValue",
                                    start: 563,
                                    end: 579,
                                },
                                inner: [],
                            },
                        ],
                    },
                    Pair {
                        rule: attribute_type_int,
                        span: Span {
                            str: "INT -2147483648 2147483647",
                            start: 581,
                            end: 607,
                        },
                        inner: [
                            Pair {
                                rule: minimum,
                                span: Span {
                                    str: "-2147483648",
                                    start: 585,
                                    end: 596,
                                },
                                inner: [],
                            },
                            Pair {
                                rule: maximum,
                                span: Span {
                                    str: "2147483647",
                                    start: 597,
                                    end: 607,
                                },
                                inner: [],
                            },
                        ],
                    },
                ],
            },
            Pair {
                rule: attr_def,
                span: Span {
                    str: "BA_DEF_ BO_  \"GenMsgCycleTime\" INT 0 65535;",
                    start: 609,
                    end: 652,
                },
                inner: [
                    Pair {
                        rule: object_type,
                        span: Span {
                            str: "BO_",
                            start: 617,
                            end: 620,
                        },
                        inner: [],
                    },
                    Pair {
                        rule: attribute_name,
                        span: Span {
                            str: "\"GenMsgCycleTime\"",
                            start: 622,
                            end: 639,
                        },
                        inner: [
                            Pair {
                                rule: string,
                                span: Span {
                                    str: "GenMsgCycleTime",
                                    start: 623,
                                    end: 638,
                                },
                                inner: [],
                            },
                        ],
                    },
                    Pair {
                        rule: attribute_type_int,
                        span: Span {
                            str: "INT 0 65535",
                            start: 640,
                            end: 651,
                        },
                        inner: [
                            Pair {
                                rule: minimum,
                                span: Span {
                                    str: "0",
                                    start: 644,
                                    end: 645,
                                },
                                inner: [],
                            },
                            Pair {
                                rule: maximum,
                                span: Span {
                                    str: "65535",
                                    start: 646,
                                    end: 651,
                                },
                                inner: [],
                            },
                        ],
                    },
                ],
            },
            Pair {
                rule: ba_def_def,
                span: Span {
                    str: "BA_DEF_DEF_  \"GenSigStartValue\" 0;",
                    start: 653,
                    end: 687,
                },
                inner: [
                    Pair {
                        rule: attribute_name,
                        span: Span {
                            str: "\"GenSigStartValue\"",
                            start: 666,
                            end: 684,
                        },
                        inner: [
                            Pair {
                                rule: string,
                                span: Span {
                                    str: "GenSigStartValue",
                                    start: 667,
                                    end: 683,
                                },
                                inner: [],
                            },
                        ],
                    },
                    Pair {
                        rule: num_str_value,
                        span: Span {
                            str: "0",
                            start: 685,
                            end: 686,
                        },
                        inner: [
                            Pair {
                                rule: number,
                                span: Span {
                                    str: "0",
                                    start: 685,
                                    end: 686,
                                },
                                inner: [],
                            },
                        ],
                    },
                ],
            },
            Pair {
                rule: ba_def_def,
                span: Span {
                    str: "BA_DEF_DEF_  \"GenMsgCycleTime\" 0;",
                    start: 688,
                    end: 721,
                },
                inner: [
                    Pair {
                        rule: attribute_name,
                        span: Span {
                            str: "\"GenMsgCycleTime\"",
                            start: 701,
                            end: 718,
                        },
                        inner: [
                            Pair {
                                rule: string,
                                span: Span {
                                    str: "GenMsgCycleTime",
                                    start: 702,
                                    end: 717,
                                },
                                inner: [],
                            },
                        ],
                    },
                    Pair {
                        rule: num_str_value,
                        span: Span {
                            str: "0",
                            start: 719,
                            end: 720,
                        },
                        inner: [
                            Pair {
                                rule: number,
                                span: Span {
                                    str: "0",
                                    start: 719,
                                    end: 720,
                                },
                                inner: [],
                            },
                        ],
                    },
                ],
            },
            Pair {
                rule: attr_value,
                span: Span {
                    str: "BA_ \"GenSigStartValue\" SG_ 496 Temperature 4094;",
                    start: 722,
                    end: 770,
                },
                inner: [
                    Pair {
                        rule: attribute_name,
                        span: Span {
                            str: "\"GenSigStartValue\"",
                            start: 726,
                            end: 744,
                        },
                        inner: [
                            Pair {
                                rule: string,
                                span: Span {
                                    str: "GenSigStartValue",
                                    start: 727,
                                    end: 743,
                                },
                                inner: [],
                            },
                        ],
                    },
                    Pair {
                        rule: signal_var,
                        span: Span {
                            str: "SG_ 496 Temperature",
                            start: 745,
                            end: 764,
                        },
                        inner: [
                            Pair {
                                rule: message_id,
                                span: Span {
                                    str: "496",
                                    start: 749,
                                    end: 752,
                                },
                                inner: [],
                            },
                            Pair {
                                rule: ident,
                                span: Span {
                                    str: "Temperature",
                                    start: 753,
                                    end: 764,
                                },
                                inner: [],
                            },
                        ],
                    },
                    Pair {
                        rule: num_str_value,
                        span: Span {
                            str: "4094",
                            start: 765,
                            end: 769,
                        },
                        inner: [
                            Pair {
                                rule: number,
                                span: Span {
                                    str: "4094",
                                    start: 765,
                                    end: 769,
                                },
                                inner: [],
                            },
                        ],
                    },
                ],
            },
            Pair {
                rule: value_table_def,
                span: Span {
                    str: "VAL_ 496 Temperature 4095 \"Error\" 4094 \"Init\" ;",
                    start: 771,
                    end: 818,
                },
                inner: [
                    Pair {
                        rule: message_id,
                        span: Span {
                            str: "496",
                            start: 776,
                            end: 779,
                        },
                        inner: [],
                    },
                    Pair {
                        rule: signal_name,
                        span: Span {
                            str: "Temperature",
                            start: 780,
                            end: 791,
                        },
                        inner: [],
                    },
                    Pair {
                        rule: table_value_description,
                        span: Span {
                            str: "4095 \"Error\"",
                            start: 792,
                            end: 804,
                        },
                        inner: [
                            Pair {
                                rule: int,
                                span: Span {
                                    str: "4095",
                                    start: 792,
                                    end: 796,
                                },
                                inner: [],
                            },
                            Pair {
                                rule: quoted_str,
                                span: Span {
                                    str: "\"Error\"",
                                    start: 797,
                                    end: 804,
                                },
                                inner: [
                                    Pair {
                                        rule: string,
                                        span: Span {
                                            str: "Error",
                                            start: 798,
                                            end: 803,
                                        },
                                        inner: [],
                                    },
                                ],
                            },
                        ],
                    },
                    Pair {
                        rule: table_value_description,
                        span: Span {
                            str: "4094 \"Init\"",
                            start: 805,
                            end: 816,
                        },
                        inner: [
                            Pair {
                                rule: int,
                                span: Span {
                                    str: "4094",
                                    start: 805,
                                    end: 809,
                                },
                                inner: [],
                            },
                            Pair {
                                rule: quoted_str,
                                span: Span {
                                    str: "\"Init\"",
                                    start: 810,
                                    end: 816,
                                },
                                inner: [
                                    Pair {
                                        rule: string,
                                        span: Span {
                                            str: "Init",
                                            start: 811,
                                            end: 815,
                                        },
                                        inner: [],
                                    },
                                ],
                            },
                        ],
                    },
                ],
            },
            Pair {
                rule: EOI,
                span: Span {
                    str: "",
                    start: 820,
                    end: 820,
                },
                inner: [],
            },
        ],
    },
]
