---
source: tests/snapshots.rs
---
[
    Pair {
        rule: file,
        span: Span {
            str: "VERSION \"\"\n\n\nNS_ : \n\tNS_DESC_\n\tCM_\n\tBA_DEF_\n\tBA_\n\tVAL_\n\tCAT_DEF_\n\tCAT_\n\tFILTER\n\tBA_DEF_DEF_\n\tEV_DATA_\n\tENVVAR_DATA_\n\tSGTYPE_\n\tSGTYPE_VAL_\n\tBA_DEF_SGTYPE_\n\tBA_SGTYPE_\n\tSIG_TYPE_REF_\n\tVAL_TABLE_\n\tSIG_GROUP_\n\tSIG_VALTYPE_\n\tSIGTYPE_VALTYPE_\n\tBO_TX_BU_\n\tBA_DEF_REL_\n\tBA_REL_\n\tBA_DEF_DEF_REL_\n\tBU_SG_REL_\n\tBU_EV_REL_\n\tBU_BO_REL_\n\tSG_MUL_VAL_\n\nBS_:\n\nBU_:\n\n\nBO_ 1 myMsg: 8 Vector__XXX\n SG_ myExtraSigWithPlus : 8|8@1- (1,-128) [-128|+127] \"\" Vector__XXX\n SG_ myNormalSig : 0|8@1- (1,-128) [-128|127] \"\" Vector__XXX\n\n\n\nBA_DEF_  \"BusType\" STRING ;\nBA_DEF_DEF_  \"BusType\" \"CAN\";\n\n",
            range: 0..569,
        },
        inner: [
            Pair {
                rule: version,
                span: Span {
                    str: "VERSION \"\"\n",
                    range: 0..11,
                },
                inner: [
                    Pair {
                        rule: quoted_str,
                        span: Span {
                            str: "\"\"",
                            range: 8..10,
                        },
                        inner: [
                            Pair {
                                rule: string,
                                span: Span {
                                    str: "",
                                    range: 9..9,
                                },
                                inner: [],
                            },
                        ],
                    },
                ],
            },
            Pair {
                rule: new_symbols,
                span: Span {
                    str: "NS_ : \n\tNS_DESC_\n\tCM_\n\tBA_DEF_\n\tBA_\n\tVAL_\n\tCAT_DEF_\n\tCAT_\n\tFILTER\n\tBA_DEF_DEF_\n\tEV_DATA_\n\tENVVAR_DATA_\n\tSGTYPE_\n\tSGTYPE_VAL_\n\tBA_DEF_SGTYPE_\n\tBA_SGTYPE_\n\tSIG_TYPE_REF_\n\tVAL_TABLE_\n\tSIG_GROUP_\n\tSIG_VALTYPE_\n\tSIGTYPE_VALTYPE_\n\tBO_TX_BU_\n\tBA_DEF_REL_\n\tBA_REL_\n\tBA_DEF_DEF_REL_\n\tBU_SG_REL_\n\tBU_EV_REL_\n\tBU_BO_REL_\n\tSG_MUL_VAL_\n\n",
                    range: 13..337,
                },
                inner: [
                    Pair {
                        rule: ident,
                        span: Span {
                            str: "NS_DESC_",
                            range: 21..29,
                        },
                        inner: [],
                    },
                    Pair {
                        rule: ident,
                        span: Span {
                            str: "CM_",
                            range: 31..34,
                        },
                        inner: [],
                    },
                    Pair {
                        rule: ident,
                        span: Span {
                            str: "BA_DEF_",
                            range: 36..43,
                        },
                        inner: [],
                    },
                    Pair {
                        rule: ident,
                        span: Span {
                            str: "BA_",
                            range: 45..48,
                        },
                        inner: [],
                    },
                    Pair {
                        rule: ident,
                        span: Span {
                            str: "VAL_",
                            range: 50..54,
                        },
                        inner: [],
                    },
                    Pair {
                        rule: ident,
                        span: Span {
                            str: "CAT_DEF_",
                            range: 56..64,
                        },
                        inner: [],
                    },
                    Pair {
                        rule: ident,
                        span: Span {
                            str: "CAT_",
                            range: 66..70,
                        },
                        inner: [],
                    },
                    Pair {
                        rule: ident,
                        span: Span {
                            str: "FILTER",
                            range: 72..78,
                        },
                        inner: [],
                    },
                    Pair {
                        rule: ident,
                        span: Span {
                            str: "BA_DEF_DEF_",
                            range: 80..91,
                        },
                        inner: [],
                    },
                    Pair {
                        rule: ident,
                        span: Span {
                            str: "EV_DATA_",
                            range: 93..101,
                        },
                        inner: [],
                    },
                    Pair {
                        rule: ident,
                        span: Span {
                            str: "ENVVAR_DATA_",
                            range: 103..115,
                        },
                        inner: [],
                    },
                    Pair {
                        rule: ident,
                        span: Span {
                            str: "SGTYPE_",
                            range: 117..124,
                        },
                        inner: [],
                    },
                    Pair {
                        rule: ident,
                        span: Span {
                            str: "SGTYPE_VAL_",
                            range: 126..137,
                        },
                        inner: [],
                    },
                    Pair {
                        rule: ident,
                        span: Span {
                            str: "BA_DEF_SGTYPE_",
                            range: 139..153,
                        },
                        inner: [],
                    },
                    Pair {
                        rule: ident,
                        span: Span {
                            str: "BA_SGTYPE_",
                            range: 155..165,
                        },
                        inner: [],
                    },
                    Pair {
                        rule: ident,
                        span: Span {
                            str: "SIG_TYPE_REF_",
                            range: 167..180,
                        },
                        inner: [],
                    },
                    Pair {
                        rule: ident,
                        span: Span {
                            str: "VAL_TABLE_",
                            range: 182..192,
                        },
                        inner: [],
                    },
                    Pair {
                        rule: ident,
                        span: Span {
                            str: "SIG_GROUP_",
                            range: 194..204,
                        },
                        inner: [],
                    },
                    Pair {
                        rule: ident,
                        span: Span {
                            str: "SIG_VALTYPE_",
                            range: 206..218,
                        },
                        inner: [],
                    },
                    Pair {
                        rule: ident,
                        span: Span {
                            str: "SIGTYPE_VALTYPE_",
                            range: 220..236,
                        },
                        inner: [],
                    },
                    Pair {
                        rule: ident,
                        span: Span {
                            str: "BO_TX_BU_",
                            range: 238..247,
                        },
                        inner: [],
                    },
                    Pair {
                        rule: ident,
                        span: Span {
                            str: "BA_DEF_REL_",
                            range: 249..260,
                        },
                        inner: [],
                    },
                    Pair {
                        rule: ident,
                        span: Span {
                            str: "BA_REL_",
                            range: 262..269,
                        },
                        inner: [],
                    },
                    Pair {
                        rule: ident,
                        span: Span {
                            str: "BA_DEF_DEF_REL_",
                            range: 271..286,
                        },
                        inner: [],
                    },
                    Pair {
                        rule: ident,
                        span: Span {
                            str: "BU_SG_REL_",
                            range: 288..298,
                        },
                        inner: [],
                    },
                    Pair {
                        rule: ident,
                        span: Span {
                            str: "BU_EV_REL_",
                            range: 300..310,
                        },
                        inner: [],
                    },
                    Pair {
                        rule: ident,
                        span: Span {
                            str: "BU_BO_REL_",
                            range: 312..322,
                        },
                        inner: [],
                    },
                    Pair {
                        rule: ident,
                        span: Span {
                            str: "SG_MUL_VAL_",
                            range: 324..335,
                        },
                        inner: [],
                    },
                ],
            },
            Pair {
                rule: bit_timing,
                span: Span {
                    str: "BS_:\n",
                    range: 337..342,
                },
                inner: [],
            },
            Pair {
                rule: nodes,
                span: Span {
                    str: "BU_:\n\n\n",
                    range: 343..350,
                },
                inner: [],
            },
            Pair {
                rule: message,
                span: Span {
                    str: "BO_ 1 myMsg: 8 Vector__XXX\n SG_ myExtraSigWithPlus : 8|8@1- (1,-128) [-128|+127] \"\" Vector__XXX\n SG_ myNormalSig : 0|8@1- (1,-128) [-128|127] \"\" Vector__XXX",
                    range: 350..506,
                },
                inner: [
                    Pair {
                        rule: msg_var,
                        span: Span {
                            str: "BO_ 1",
                            range: 350..355,
                        },
                        inner: [
                            Pair {
                                rule: message_id,
                                span: Span {
                                    str: "1",
                                    range: 354..355,
                                },
                                inner: [],
                            },
                        ],
                    },
                    Pair {
                        rule: message_name,
                        span: Span {
                            str: "myMsg",
                            range: 356..361,
                        },
                        inner: [],
                    },
                    Pair {
                        rule: message_size,
                        span: Span {
                            str: "8",
                            range: 363..364,
                        },
                        inner: [],
                    },
                    Pair {
                        rule: transmitter,
                        span: Span {
                            str: "Vector__XXX",
                            range: 365..376,
                        },
                        inner: [],
                    },
                    Pair {
                        rule: signal,
                        span: Span {
                            str: "\n SG_ myExtraSigWithPlus : 8|8@1- (1,-128) [-128|+127] \"\" Vector__XXX",
                            range: 376..445,
                        },
                        inner: [
                            Pair {
                                rule: signal_nl_ident,
                                span: Span {
                                    str: "\n ",
                                    range: 376..378,
                                },
                                inner: [],
                            },
                            Pair {
                                rule: signal_name,
                                span: Span {
                                    str: "myExtraSigWithPlus",
                                    range: 382..400,
                                },
                                inner: [],
                            },
                            Pair {
                                rule: start_bit,
                                span: Span {
                                    str: "8",
                                    range: 403..404,
                                },
                                inner: [],
                            },
                            Pair {
                                rule: signal_size,
                                span: Span {
                                    str: "8",
                                    range: 405..406,
                                },
                                inner: [],
                            },
                            Pair {
                                rule: little_endian,
                                span: Span {
                                    str: "1",
                                    range: 407..408,
                                },
                                inner: [],
                            },
                            Pair {
                                rule: signed_type,
                                span: Span {
                                    str: "-",
                                    range: 408..409,
                                },
                                inner: [],
                            },
                            Pair {
                                rule: factor,
                                span: Span {
                                    str: "1",
                                    range: 411..412,
                                },
                                inner: [],
                            },
                            Pair {
                                rule: offset,
                                span: Span {
                                    str: "-128",
                                    range: 413..417,
                                },
                                inner: [],
                            },
                            Pair {
                                rule: min_max,
                                span: Span {
                                    str: "[-128|+127]",
                                    range: 419..430,
                                },
                                inner: [
                                    Pair {
                                        rule: minimum,
                                        span: Span {
                                            str: "-128",
                                            range: 420..424,
                                        },
                                        inner: [],
                                    },
                                    Pair {
                                        rule: maximum,
                                        span: Span {
                                            str: "+127",
                                            range: 425..429,
                                        },
                                        inner: [],
                                    },
                                ],
                            },
                            Pair {
                                rule: unit,
                                span: Span {
                                    str: "\"\"",
                                    range: 431..433,
                                },
                                inner: [
                                    Pair {
                                        rule: string,
                                        span: Span {
                                            str: "",
                                            range: 432..432,
                                        },
                                        inner: [],
                                    },
                                ],
                            },
                            Pair {
                                rule: node_name,
                                span: Span {
                                    str: "Vector__XXX",
                                    range: 434..445,
                                },
                                inner: [],
                            },
                        ],
                    },
                    Pair {
                        rule: signal,
                        span: Span {
                            str: "\n SG_ myNormalSig : 0|8@1- (1,-128) [-128|127] \"\" Vector__XXX",
                            range: 445..506,
                        },
                        inner: [
                            Pair {
                                rule: signal_nl_ident,
                                span: Span {
                                    str: "\n ",
                                    range: 445..447,
                                },
                                inner: [],
                            },
                            Pair {
                                rule: signal_name,
                                span: Span {
                                    str: "myNormalSig",
                                    range: 451..462,
                                },
                                inner: [],
                            },
                            Pair {
                                rule: start_bit,
                                span: Span {
                                    str: "0",
                                    range: 465..466,
                                },
                                inner: [],
                            },
                            Pair {
                                rule: signal_size,
                                span: Span {
                                    str: "8",
                                    range: 467..468,
                                },
                                inner: [],
                            },
                            Pair {
                                rule: little_endian,
                                span: Span {
                                    str: "1",
                                    range: 469..470,
                                },
                                inner: [],
                            },
                            Pair {
                                rule: signed_type,
                                span: Span {
                                    str: "-",
                                    range: 470..471,
                                },
                                inner: [],
                            },
                            Pair {
                                rule: factor,
                                span: Span {
                                    str: "1",
                                    range: 473..474,
                                },
                                inner: [],
                            },
                            Pair {
                                rule: offset,
                                span: Span {
                                    str: "-128",
                                    range: 475..479,
                                },
                                inner: [],
                            },
                            Pair {
                                rule: min_max,
                                span: Span {
                                    str: "[-128|127]",
                                    range: 481..491,
                                },
                                inner: [
                                    Pair {
                                        rule: minimum,
                                        span: Span {
                                            str: "-128",
                                            range: 482..486,
                                        },
                                        inner: [],
                                    },
                                    Pair {
                                        rule: maximum,
                                        span: Span {
                                            str: "127",
                                            range: 487..490,
                                        },
                                        inner: [],
                                    },
                                ],
                            },
                            Pair {
                                rule: unit,
                                span: Span {
                                    str: "\"\"",
                                    range: 492..494,
                                },
                                inner: [
                                    Pair {
                                        rule: string,
                                        span: Span {
                                            str: "",
                                            range: 493..493,
                                        },
                                        inner: [],
                                    },
                                ],
                            },
                            Pair {
                                rule: node_name,
                                span: Span {
                                    str: "Vector__XXX",
                                    range: 495..506,
                                },
                                inner: [],
                            },
                        ],
                    },
                ],
            },
            Pair {
                rule: attr_def,
                span: Span {
                    str: "BA_DEF_  \"BusType\" STRING ;",
                    range: 510..537,
                },
                inner: [
                    Pair {
                        rule: attribute_name,
                        span: Span {
                            str: "\"BusType\"",
                            range: 519..528,
                        },
                        inner: [
                            Pair {
                                rule: string,
                                span: Span {
                                    str: "BusType",
                                    range: 520..527,
                                },
                                inner: [],
                            },
                        ],
                    },
                    Pair {
                        rule: attribute_type_string,
                        span: Span {
                            str: "STRING",
                            range: 529..535,
                        },
                        inner: [],
                    },
                ],
            },
            Pair {
                rule: ba_def_def,
                span: Span {
                    str: "BA_DEF_DEF_  \"BusType\" \"CAN\";",
                    range: 538..567,
                },
                inner: [
                    Pair {
                        rule: attribute_name,
                        span: Span {
                            str: "\"BusType\"",
                            range: 551..560,
                        },
                        inner: [
                            Pair {
                                rule: string,
                                span: Span {
                                    str: "BusType",
                                    range: 552..559,
                                },
                                inner: [],
                            },
                        ],
                    },
                    Pair {
                        rule: quoted_str,
                        span: Span {
                            str: "\"CAN\"",
                            range: 561..566,
                        },
                        inner: [
                            Pair {
                                rule: string,
                                span: Span {
                                    str: "CAN",
                                    range: 562..565,
                                },
                                inner: [],
                            },
                        ],
                    },
                ],
            },
            Pair {
                rule: EOI,
                span: Span {
                    str: "",
                    range: 569..569,
                },
                inner: [],
            },
        ],
    },
]
