---
source: tests/snapshots.rs
---
[
    Pair {
        rule: file,
        span: Span {
            str: "VERSION \"1.0\"\n\n\nNS_ : \n\tNS_DESC_\n\tCM_\n\tBA_DEF_\n\tBA_\n\tVAL_\n\tCAT_DEF_\n\tCAT_\n\tFILTER\n\tBA_DEF_DEF_\n\tEV_DATA_\n\tENVVAR_DATA_\n\tSGTYPE_\n\tSGTYPE_VAL_\n\tBA_DEF_SGTYPE_\n\tBA_SGTYPE_\n\tSIG_TYPE_REF_\n\tVAL_TABLE_\n\tSIG_GROUP_\n\tSIG_VALTYPE_\n\tSIGTYPE_VALTYPE_\n\tBO_TX_BU_\n\tBA_DEF_REL_\n\tBA_REL_\n\tBA_DEF_DEF_REL_\n\tBU_SG_REL_\n\tBU_EV_REL_\n\tBU_BO_REL_\n\tSG_MUL_VAL_\n\nBS_:\n\nBU_: PCM1 FOO\nVAL_TABLE_ TempValueTable 4095 \"Error\" 4094 \"Init\" ;\n\n\nBO_ 496 ExampleMessage: 2 PCM1\n SG_ Temperature : 3|12@0+ (-0.01,4100) [4070|4100] \"degK\"  PCM1,FOO\n\n\n\nCM_ BO_ 496 \"Example message\";\nBA_DEF_ SG_  \"GenSigStartValue\" INT -2147483648 2147483647;\nBA_DEF_ BO_  \"GenMsgCycleTime\" INT 0 65535;\nBA_DEF_DEF_  \"GenSigStartValue\" 0;\nBA_DEF_DEF_  \"GenMsgCycleTime\" 0;\nBA_ \"GenSigStartValue\" SG_ 496 Temperature 4094;\nVAL_ 496 Temperature 4095 \"Error\" 4094 \"Init\" ;\n\n",
            range: 0..820,
        },
        inner: [
            Pair {
                rule: version,
                span: Span {
                    str: "VERSION \"1.0\"\n",
                    range: 0..14,
                },
                inner: [
                    Pair {
                        rule: quoted_str,
                        span: Span {
                            str: "\"1.0\"",
                            range: 8..13,
                        },
                        inner: [
                            Pair {
                                rule: string,
                                span: Span {
                                    str: "1.0",
                                    range: 9..12,
                                },
                                inner: [],
                            },
                        ],
                    },
                ],
            },
            Pair {
                rule: new_symbols,
                span: Span {
                    str: "NS_ : \n\tNS_DESC_\n\tCM_\n\tBA_DEF_\n\tBA_\n\tVAL_\n\tCAT_DEF_\n\tCAT_\n\tFILTER\n\tBA_DEF_DEF_\n\tEV_DATA_\n\tENVVAR_DATA_\n\tSGTYPE_\n\tSGTYPE_VAL_\n\tBA_DEF_SGTYPE_\n\tBA_SGTYPE_\n\tSIG_TYPE_REF_\n\tVAL_TABLE_\n\tSIG_GROUP_\n\tSIG_VALTYPE_\n\tSIGTYPE_VALTYPE_\n\tBO_TX_BU_\n\tBA_DEF_REL_\n\tBA_REL_\n\tBA_DEF_DEF_REL_\n\tBU_SG_REL_\n\tBU_EV_REL_\n\tBU_BO_REL_\n\tSG_MUL_VAL_\n\n",
                    range: 16..340,
                },
                inner: [
                    Pair {
                        rule: ident,
                        span: Span {
                            str: "NS_DESC_",
                            range: 24..32,
                        },
                        inner: [],
                    },
                    Pair {
                        rule: ident,
                        span: Span {
                            str: "CM_",
                            range: 34..37,
                        },
                        inner: [],
                    },
                    Pair {
                        rule: ident,
                        span: Span {
                            str: "BA_DEF_",
                            range: 39..46,
                        },
                        inner: [],
                    },
                    Pair {
                        rule: ident,
                        span: Span {
                            str: "BA_",
                            range: 48..51,
                        },
                        inner: [],
                    },
                    Pair {
                        rule: ident,
                        span: Span {
                            str: "VAL_",
                            range: 53..57,
                        },
                        inner: [],
                    },
                    Pair {
                        rule: ident,
                        span: Span {
                            str: "CAT_DEF_",
                            range: 59..67,
                        },
                        inner: [],
                    },
                    Pair {
                        rule: ident,
                        span: Span {
                            str: "CAT_",
                            range: 69..73,
                        },
                        inner: [],
                    },
                    Pair {
                        rule: ident,
                        span: Span {
                            str: "FILTER",
                            range: 75..81,
                        },
                        inner: [],
                    },
                    Pair {
                        rule: ident,
                        span: Span {
                            str: "BA_DEF_DEF_",
                            range: 83..94,
                        },
                        inner: [],
                    },
                    Pair {
                        rule: ident,
                        span: Span {
                            str: "EV_DATA_",
                            range: 96..104,
                        },
                        inner: [],
                    },
                    Pair {
                        rule: ident,
                        span: Span {
                            str: "ENVVAR_DATA_",
                            range: 106..118,
                        },
                        inner: [],
                    },
                    Pair {
                        rule: ident,
                        span: Span {
                            str: "SGTYPE_",
                            range: 120..127,
                        },
                        inner: [],
                    },
                    Pair {
                        rule: ident,
                        span: Span {
                            str: "SGTYPE_VAL_",
                            range: 129..140,
                        },
                        inner: [],
                    },
                    Pair {
                        rule: ident,
                        span: Span {
                            str: "BA_DEF_SGTYPE_",
                            range: 142..156,
                        },
                        inner: [],
                    },
                    Pair {
                        rule: ident,
                        span: Span {
                            str: "BA_SGTYPE_",
                            range: 158..168,
                        },
                        inner: [],
                    },
                    Pair {
                        rule: ident,
                        span: Span {
                            str: "SIG_TYPE_REF_",
                            range: 170..183,
                        },
                        inner: [],
                    },
                    Pair {
                        rule: ident,
                        span: Span {
                            str: "VAL_TABLE_",
                            range: 185..195,
                        },
                        inner: [],
                    },
                    Pair {
                        rule: ident,
                        span: Span {
                            str: "SIG_GROUP_",
                            range: 197..207,
                        },
                        inner: [],
                    },
                    Pair {
                        rule: ident,
                        span: Span {
                            str: "SIG_VALTYPE_",
                            range: 209..221,
                        },
                        inner: [],
                    },
                    Pair {
                        rule: ident,
                        span: Span {
                            str: "SIGTYPE_VALTYPE_",
                            range: 223..239,
                        },
                        inner: [],
                    },
                    Pair {
                        rule: ident,
                        span: Span {
                            str: "BO_TX_BU_",
                            range: 241..250,
                        },
                        inner: [],
                    },
                    Pair {
                        rule: ident,
                        span: Span {
                            str: "BA_DEF_REL_",
                            range: 252..263,
                        },
                        inner: [],
                    },
                    Pair {
                        rule: ident,
                        span: Span {
                            str: "BA_REL_",
                            range: 265..272,
                        },
                        inner: [],
                    },
                    Pair {
                        rule: ident,
                        span: Span {
                            str: "BA_DEF_DEF_REL_",
                            range: 274..289,
                        },
                        inner: [],
                    },
                    Pair {
                        rule: ident,
                        span: Span {
                            str: "BU_SG_REL_",
                            range: 291..301,
                        },
                        inner: [],
                    },
                    Pair {
                        rule: ident,
                        span: Span {
                            str: "BU_EV_REL_",
                            range: 303..313,
                        },
                        inner: [],
                    },
                    Pair {
                        rule: ident,
                        span: Span {
                            str: "BU_BO_REL_",
                            range: 315..325,
                        },
                        inner: [],
                    },
                    Pair {
                        rule: ident,
                        span: Span {
                            str: "SG_MUL_VAL_",
                            range: 327..338,
                        },
                        inner: [],
                    },
                ],
            },
            Pair {
                rule: bit_timing,
                span: Span {
                    str: "BS_:\n",
                    range: 340..345,
                },
                inner: [],
            },
            Pair {
                rule: nodes,
                span: Span {
                    str: "BU_: PCM1 FOO\n",
                    range: 346..360,
                },
                inner: [
                    Pair {
                        rule: node_name,
                        span: Span {
                            str: "PCM1",
                            range: 351..355,
                        },
                        inner: [],
                    },
                    Pair {
                        rule: node_name,
                        span: Span {
                            str: "FOO",
                            range: 356..359,
                        },
                        inner: [],
                    },
                ],
            },
            Pair {
                rule: value_table,
                span: Span {
                    str: "VAL_TABLE_ TempValueTable 4095 \"Error\" 4094 \"Init\" ;",
                    range: 360..412,
                },
                inner: [
                    Pair {
                        rule: table_name,
                        span: Span {
                            str: "TempValueTable",
                            range: 371..385,
                        },
                        inner: [],
                    },
                    Pair {
                        rule: table_value_description,
                        span: Span {
                            str: "4095 \"Error\"",
                            range: 386..398,
                        },
                        inner: [
                            Pair {
                                rule: int,
                                span: Span {
                                    str: "4095",
                                    range: 386..390,
                                },
                                inner: [],
                            },
                            Pair {
                                rule: quoted_str,
                                span: Span {
                                    str: "\"Error\"",
                                    range: 391..398,
                                },
                                inner: [
                                    Pair {
                                        rule: string,
                                        span: Span {
                                            str: "Error",
                                            range: 392..397,
                                        },
                                        inner: [],
                                    },
                                ],
                            },
                        ],
                    },
                    Pair {
                        rule: table_value_description,
                        span: Span {
                            str: "4094 \"Init\"",
                            range: 399..410,
                        },
                        inner: [
                            Pair {
                                rule: int,
                                span: Span {
                                    str: "4094",
                                    range: 399..403,
                                },
                                inner: [],
                            },
                            Pair {
                                rule: quoted_str,
                                span: Span {
                                    str: "\"Init\"",
                                    range: 404..410,
                                },
                                inner: [
                                    Pair {
                                        rule: string,
                                        span: Span {
                                            str: "Init",
                                            range: 405..409,
                                        },
                                        inner: [],
                                    },
                                ],
                            },
                        ],
                    },
                ],
            },
            Pair {
                rule: message,
                span: Span {
                    str: "BO_ 496 ExampleMessage: 2 PCM1\n SG_ Temperature : 3|12@0+ (-0.01,4100) [4070|4100] \"degK\"  PCM1,FOO",
                    range: 415..514,
                },
                inner: [
                    Pair {
                        rule: msg_var,
                        span: Span {
                            str: "BO_ 496",
                            range: 415..422,
                        },
                        inner: [
                            Pair {
                                rule: message_id,
                                span: Span {
                                    str: "496",
                                    range: 419..422,
                                },
                                inner: [],
                            },
                        ],
                    },
                    Pair {
                        rule: message_name,
                        span: Span {
                            str: "ExampleMessage",
                            range: 423..437,
                        },
                        inner: [],
                    },
                    Pair {
                        rule: message_size,
                        span: Span {
                            str: "2",
                            range: 439..440,
                        },
                        inner: [],
                    },
                    Pair {
                        rule: transmitter,
                        span: Span {
                            str: "PCM1",
                            range: 441..445,
                        },
                        inner: [],
                    },
                    Pair {
                        rule: signal,
                        span: Span {
                            str: "\n SG_ Temperature : 3|12@0+ (-0.01,4100) [4070|4100] \"degK\"  PCM1,FOO",
                            range: 445..514,
                        },
                        inner: [
                            Pair {
                                rule: signal_nl_ident,
                                span: Span {
                                    str: "\n ",
                                    range: 445..447,
                                },
                                inner: [],
                            },
                            Pair {
                                rule: signal_name,
                                span: Span {
                                    str: "Temperature",
                                    range: 451..462,
                                },
                                inner: [],
                            },
                            Pair {
                                rule: start_bit,
                                span: Span {
                                    str: "3",
                                    range: 465..466,
                                },
                                inner: [],
                            },
                            Pair {
                                rule: signal_size,
                                span: Span {
                                    str: "12",
                                    range: 467..469,
                                },
                                inner: [],
                            },
                            Pair {
                                rule: big_endian,
                                span: Span {
                                    str: "0",
                                    range: 470..471,
                                },
                                inner: [],
                            },
                            Pair {
                                rule: unsigned_type,
                                span: Span {
                                    str: "+",
                                    range: 471..472,
                                },
                                inner: [],
                            },
                            Pair {
                                rule: factor,
                                span: Span {
                                    str: "-0.01",
                                    range: 474..479,
                                },
                                inner: [],
                            },
                            Pair {
                                rule: offset,
                                span: Span {
                                    str: "4100",
                                    range: 480..484,
                                },
                                inner: [],
                            },
                            Pair {
                                rule: min_max,
                                span: Span {
                                    str: "[4070|4100]",
                                    range: 486..497,
                                },
                                inner: [
                                    Pair {
                                        rule: minimum,
                                        span: Span {
                                            str: "4070",
                                            range: 487..491,
                                        },
                                        inner: [],
                                    },
                                    Pair {
                                        rule: maximum,
                                        span: Span {
                                            str: "4100",
                                            range: 492..496,
                                        },
                                        inner: [],
                                    },
                                ],
                            },
                            Pair {
                                rule: unit,
                                span: Span {
                                    str: "\"degK\"",
                                    range: 498..504,
                                },
                                inner: [
                                    Pair {
                                        rule: string,
                                        span: Span {
                                            str: "degK",
                                            range: 499..503,
                                        },
                                        inner: [],
                                    },
                                ],
                            },
                            Pair {
                                rule: node_name,
                                span: Span {
                                    str: "PCM1",
                                    range: 506..510,
                                },
                                inner: [],
                            },
                            Pair {
                                rule: node_name,
                                span: Span {
                                    str: "FOO",
                                    range: 511..514,
                                },
                                inner: [],
                            },
                        ],
                    },
                ],
            },
            Pair {
                rule: comment,
                span: Span {
                    str: "CM_ BO_ 496 \"Example message\";",
                    range: 518..548,
                },
                inner: [
                    Pair {
                        rule: comment_message,
                        span: Span {
                            str: "BO_ 496 \"Example message\"",
                            range: 522..547,
                        },
                        inner: [
                            Pair {
                                rule: message_id,
                                span: Span {
                                    str: "496",
                                    range: 526..529,
                                },
                                inner: [],
                            },
                            Pair {
                                rule: quoted_str,
                                span: Span {
                                    str: "\"Example message\"",
                                    range: 530..547,
                                },
                                inner: [
                                    Pair {
                                        rule: string,
                                        span: Span {
                                            str: "Example message",
                                            range: 531..546,
                                        },
                                        inner: [],
                                    },
                                ],
                            },
                        ],
                    },
                ],
            },
            Pair {
                rule: attr_def,
                span: Span {
                    str: "BA_DEF_ SG_  \"GenSigStartValue\" INT -2147483648 2147483647;",
                    range: 549..608,
                },
                inner: [
                    Pair {
                        rule: object_type,
                        span: Span {
                            str: "SG_",
                            range: 557..560,
                        },
                        inner: [],
                    },
                    Pair {
                        rule: attribute_name,
                        span: Span {
                            str: "\"GenSigStartValue\"",
                            range: 562..580,
                        },
                        inner: [
                            Pair {
                                rule: string,
                                span: Span {
                                    str: "GenSigStartValue",
                                    range: 563..579,
                                },
                                inner: [],
                            },
                        ],
                    },
                    Pair {
                        rule: attribute_type_int,
                        span: Span {
                            str: "INT -2147483648 2147483647",
                            range: 581..607,
                        },
                        inner: [
                            Pair {
                                rule: minimum,
                                span: Span {
                                    str: "-2147483648",
                                    range: 585..596,
                                },
                                inner: [],
                            },
                            Pair {
                                rule: maximum,
                                span: Span {
                                    str: "2147483647",
                                    range: 597..607,
                                },
                                inner: [],
                            },
                        ],
                    },
                ],
            },
            Pair {
                rule: attr_def,
                span: Span {
                    str: "BA_DEF_ BO_  \"GenMsgCycleTime\" INT 0 65535;",
                    range: 609..652,
                },
                inner: [
                    Pair {
                        rule: object_type,
                        span: Span {
                            str: "BO_",
                            range: 617..620,
                        },
                        inner: [],
                    },
                    Pair {
                        rule: attribute_name,
                        span: Span {
                            str: "\"GenMsgCycleTime\"",
                            range: 622..639,
                        },
                        inner: [
                            Pair {
                                rule: string,
                                span: Span {
                                    str: "GenMsgCycleTime",
                                    range: 623..638,
                                },
                                inner: [],
                            },
                        ],
                    },
                    Pair {
                        rule: attribute_type_int,
                        span: Span {
                            str: "INT 0 65535",
                            range: 640..651,
                        },
                        inner: [
                            Pair {
                                rule: minimum,
                                span: Span {
                                    str: "0",
                                    range: 644..645,
                                },
                                inner: [],
                            },
                            Pair {
                                rule: maximum,
                                span: Span {
                                    str: "65535",
                                    range: 646..651,
                                },
                                inner: [],
                            },
                        ],
                    },
                ],
            },
            Pair {
                rule: ba_def_def,
                span: Span {
                    str: "BA_DEF_DEF_  \"GenSigStartValue\" 0;",
                    range: 653..687,
                },
                inner: [
                    Pair {
                        rule: attribute_name,
                        span: Span {
                            str: "\"GenSigStartValue\"",
                            range: 666..684,
                        },
                        inner: [
                            Pair {
                                rule: string,
                                span: Span {
                                    str: "GenSigStartValue",
                                    range: 667..683,
                                },
                                inner: [],
                            },
                        ],
                    },
                    Pair {
                        rule: number,
                        span: Span {
                            str: "0",
                            range: 685..686,
                        },
                        inner: [],
                    },
                ],
            },
            Pair {
                rule: ba_def_def,
                span: Span {
                    str: "BA_DEF_DEF_  \"GenMsgCycleTime\" 0;",
                    range: 688..721,
                },
                inner: [
                    Pair {
                        rule: attribute_name,
                        span: Span {
                            str: "\"GenMsgCycleTime\"",
                            range: 701..718,
                        },
                        inner: [
                            Pair {
                                rule: string,
                                span: Span {
                                    str: "GenMsgCycleTime",
                                    range: 702..717,
                                },
                                inner: [],
                            },
                        ],
                    },
                    Pair {
                        rule: number,
                        span: Span {
                            str: "0",
                            range: 719..720,
                        },
                        inner: [],
                    },
                ],
            },
            Pair {
                rule: attr_value,
                span: Span {
                    str: "BA_ \"GenSigStartValue\" SG_ 496 Temperature 4094;",
                    range: 722..770,
                },
                inner: [
                    Pair {
                        rule: attribute_name,
                        span: Span {
                            str: "\"GenSigStartValue\"",
                            range: 726..744,
                        },
                        inner: [
                            Pair {
                                rule: string,
                                span: Span {
                                    str: "GenSigStartValue",
                                    range: 727..743,
                                },
                                inner: [],
                            },
                        ],
                    },
                    Pair {
                        rule: signal_var,
                        span: Span {
                            str: "SG_ 496 Temperature 4094",
                            range: 745..769,
                        },
                        inner: [
                            Pair {
                                rule: message_id,
                                span: Span {
                                    str: "496",
                                    range: 749..752,
                                },
                                inner: [],
                            },
                            Pair {
                                rule: ident,
                                span: Span {
                                    str: "Temperature",
                                    range: 753..764,
                                },
                                inner: [],
                            },
                            Pair {
                                rule: number,
                                span: Span {
                                    str: "4094",
                                    range: 765..769,
                                },
                                inner: [],
                            },
                        ],
                    },
                ],
            },
            Pair {
                rule: value_table_def,
                span: Span {
                    str: "VAL_ 496 Temperature 4095 \"Error\" 4094 \"Init\" ;",
                    range: 771..818,
                },
                inner: [
                    Pair {
                        rule: message_id,
                        span: Span {
                            str: "496",
                            range: 776..779,
                        },
                        inner: [],
                    },
                    Pair {
                        rule: signal_name,
                        span: Span {
                            str: "Temperature",
                            range: 780..791,
                        },
                        inner: [],
                    },
                    Pair {
                        rule: table_value_description,
                        span: Span {
                            str: "4095 \"Error\"",
                            range: 792..804,
                        },
                        inner: [
                            Pair {
                                rule: int,
                                span: Span {
                                    str: "4095",
                                    range: 792..796,
                                },
                                inner: [],
                            },
                            Pair {
                                rule: quoted_str,
                                span: Span {
                                    str: "\"Error\"",
                                    range: 797..804,
                                },
                                inner: [
                                    Pair {
                                        rule: string,
                                        span: Span {
                                            str: "Error",
                                            range: 798..803,
                                        },
                                        inner: [],
                                    },
                                ],
                            },
                        ],
                    },
                    Pair {
                        rule: table_value_description,
                        span: Span {
                            str: "4094 \"Init\"",
                            range: 805..816,
                        },
                        inner: [
                            Pair {
                                rule: int,
                                span: Span {
                                    str: "4094",
                                    range: 805..809,
                                },
                                inner: [],
                            },
                            Pair {
                                rule: quoted_str,
                                span: Span {
                                    str: "\"Init\"",
                                    range: 810..816,
                                },
                                inner: [
                                    Pair {
                                        rule: string,
                                        span: Span {
                                            str: "Init",
                                            range: 811..815,
                                        },
                                        inner: [],
                                    },
                                ],
                            },
                        ],
                    },
                ],
            },
            Pair {
                rule: EOI,
                span: Span {
                    str: "",
                    range: 820..820,
                },
                inner: [],
            },
        ],
    },
]
