---
source: tests/snapshots.rs
---
[
    Pair {
        rule: file,
        span: Span {
            str: "VERSION \"1.0\"\n\n\nNS_ : \n\tNS_DESC_\n\tCM_\n\tBA_DEF_\n\tBA_\n\tVAL_\n\tCAT_DEF_\n\tCAT_\n\tFILTER\n\tBA_DEF_DEF_\n\tEV_DATA_\n\tENVVAR_DATA_\n\tSGTYPE_\n\tSGTYPE_VAL_\n\tBA_DEF_SGTYPE_\n\tBA_SGTYPE_\n\tSIG_TYPE_REF_\n\tVAL_TABLE_\n\tSIG_GROUP_\n\tSIG_VALTYPE_\n\tSIGTYPE_VALTYPE_\n\tBO_TX_BU_\n\tBA_DEF_REL_\n\tBA_REL_\n\tBA_DEF_DEF_REL_\n\tBU_SG_REL_\n\tBU_EV_REL_\n\tBU_BO_REL_\n\tSG_MUL_VAL_\n\nBS_:\n\nBU_: PCM1 FOO\n\n\nBO_ 496 ExampleMessage: 8 PCM1\n SG_ Temperature : 0|12@0- (0.01,250) [229.52|270.47] \"degK\"  PCM1,FOO\n SG_ AverageRadius : 6|6@0+ (0.1,0) [0|5] \"m\" Vector__XXX\n SG_ Enable : 7|1@0+ (1,0) [0|0] \"-\" Vector__XXX\n\n\n\n\nCM_ BO_ 496 \"Example message used as template in MotoHawk models.\";\nBA_DEF_ BO_  \"GenMsgCycleTime\" INT 0 65535;\nBA_DEF_DEF_  \"GenMsgCycleTime\" 0;\n\nVAL_ 496 Enable 0 \"Disabled\" 1 \"Enabled\" ;\n\n\n\n",
            range: 0..768,
        },
        inner: [
            Pair {
                rule: version,
                span: Span {
                    str: "VERSION \"1.0\"\n",
                    range: 0..14,
                },
                inner: [
                    Pair {
                        rule: quoted_str,
                        span: Span {
                            str: "\"1.0\"",
                            range: 8..13,
                        },
                        inner: [
                            Pair {
                                rule: string,
                                span: Span {
                                    str: "1.0",
                                    range: 9..12,
                                },
                                inner: [],
                            },
                        ],
                    },
                ],
            },
            Pair {
                rule: new_symbols,
                span: Span {
                    str: "NS_ : \n\tNS_DESC_\n\tCM_\n\tBA_DEF_\n\tBA_\n\tVAL_\n\tCAT_DEF_\n\tCAT_\n\tFILTER\n\tBA_DEF_DEF_\n\tEV_DATA_\n\tENVVAR_DATA_\n\tSGTYPE_\n\tSGTYPE_VAL_\n\tBA_DEF_SGTYPE_\n\tBA_SGTYPE_\n\tSIG_TYPE_REF_\n\tVAL_TABLE_\n\tSIG_GROUP_\n\tSIG_VALTYPE_\n\tSIGTYPE_VALTYPE_\n\tBO_TX_BU_\n\tBA_DEF_REL_\n\tBA_REL_\n\tBA_DEF_DEF_REL_\n\tBU_SG_REL_\n\tBU_EV_REL_\n\tBU_BO_REL_\n\tSG_MUL_VAL_\n\n",
                    range: 16..340,
                },
                inner: [
                    Pair {
                        rule: ident,
                        span: Span {
                            str: "NS_DESC_",
                            range: 24..32,
                        },
                        inner: [],
                    },
                    Pair {
                        rule: ident,
                        span: Span {
                            str: "CM_",
                            range: 34..37,
                        },
                        inner: [],
                    },
                    Pair {
                        rule: ident,
                        span: Span {
                            str: "BA_DEF_",
                            range: 39..46,
                        },
                        inner: [],
                    },
                    Pair {
                        rule: ident,
                        span: Span {
                            str: "BA_",
                            range: 48..51,
                        },
                        inner: [],
                    },
                    Pair {
                        rule: ident,
                        span: Span {
                            str: "VAL_",
                            range: 53..57,
                        },
                        inner: [],
                    },
                    Pair {
                        rule: ident,
                        span: Span {
                            str: "CAT_DEF_",
                            range: 59..67,
                        },
                        inner: [],
                    },
                    Pair {
                        rule: ident,
                        span: Span {
                            str: "CAT_",
                            range: 69..73,
                        },
                        inner: [],
                    },
                    Pair {
                        rule: ident,
                        span: Span {
                            str: "FILTER",
                            range: 75..81,
                        },
                        inner: [],
                    },
                    Pair {
                        rule: ident,
                        span: Span {
                            str: "BA_DEF_DEF_",
                            range: 83..94,
                        },
                        inner: [],
                    },
                    Pair {
                        rule: ident,
                        span: Span {
                            str: "EV_DATA_",
                            range: 96..104,
                        },
                        inner: [],
                    },
                    Pair {
                        rule: ident,
                        span: Span {
                            str: "ENVVAR_DATA_",
                            range: 106..118,
                        },
                        inner: [],
                    },
                    Pair {
                        rule: ident,
                        span: Span {
                            str: "SGTYPE_",
                            range: 120..127,
                        },
                        inner: [],
                    },
                    Pair {
                        rule: ident,
                        span: Span {
                            str: "SGTYPE_VAL_",
                            range: 129..140,
                        },
                        inner: [],
                    },
                    Pair {
                        rule: ident,
                        span: Span {
                            str: "BA_DEF_SGTYPE_",
                            range: 142..156,
                        },
                        inner: [],
                    },
                    Pair {
                        rule: ident,
                        span: Span {
                            str: "BA_SGTYPE_",
                            range: 158..168,
                        },
                        inner: [],
                    },
                    Pair {
                        rule: ident,
                        span: Span {
                            str: "SIG_TYPE_REF_",
                            range: 170..183,
                        },
                        inner: [],
                    },
                    Pair {
                        rule: ident,
                        span: Span {
                            str: "VAL_TABLE_",
                            range: 185..195,
                        },
                        inner: [],
                    },
                    Pair {
                        rule: ident,
                        span: Span {
                            str: "SIG_GROUP_",
                            range: 197..207,
                        },
                        inner: [],
                    },
                    Pair {
                        rule: ident,
                        span: Span {
                            str: "SIG_VALTYPE_",
                            range: 209..221,
                        },
                        inner: [],
                    },
                    Pair {
                        rule: ident,
                        span: Span {
                            str: "SIGTYPE_VALTYPE_",
                            range: 223..239,
                        },
                        inner: [],
                    },
                    Pair {
                        rule: ident,
                        span: Span {
                            str: "BO_TX_BU_",
                            range: 241..250,
                        },
                        inner: [],
                    },
                    Pair {
                        rule: ident,
                        span: Span {
                            str: "BA_DEF_REL_",
                            range: 252..263,
                        },
                        inner: [],
                    },
                    Pair {
                        rule: ident,
                        span: Span {
                            str: "BA_REL_",
                            range: 265..272,
                        },
                        inner: [],
                    },
                    Pair {
                        rule: ident,
                        span: Span {
                            str: "BA_DEF_DEF_REL_",
                            range: 274..289,
                        },
                        inner: [],
                    },
                    Pair {
                        rule: ident,
                        span: Span {
                            str: "BU_SG_REL_",
                            range: 291..301,
                        },
                        inner: [],
                    },
                    Pair {
                        rule: ident,
                        span: Span {
                            str: "BU_EV_REL_",
                            range: 303..313,
                        },
                        inner: [],
                    },
                    Pair {
                        rule: ident,
                        span: Span {
                            str: "BU_BO_REL_",
                            range: 315..325,
                        },
                        inner: [],
                    },
                    Pair {
                        rule: ident,
                        span: Span {
                            str: "SG_MUL_VAL_",
                            range: 327..338,
                        },
                        inner: [],
                    },
                ],
            },
            Pair {
                rule: bit_timing,
                span: Span {
                    str: "BS_:\n",
                    range: 340..345,
                },
                inner: [],
            },
            Pair {
                rule: nodes,
                span: Span {
                    str: "BU_: PCM1 FOO\n\n\n",
                    range: 346..362,
                },
                inner: [
                    Pair {
                        rule: node_name,
                        span: Span {
                            str: "PCM1",
                            range: 351..355,
                        },
                        inner: [],
                    },
                    Pair {
                        rule: node_name,
                        span: Span {
                            str: "FOO",
                            range: 356..359,
                        },
                        inner: [],
                    },
                ],
            },
            Pair {
                rule: message,
                span: Span {
                    str: "BO_ 496 ExampleMessage: 8 PCM1\n SG_ Temperature : 0|12@0- (0.01,250) [229.52|270.47] \"degK\"  PCM1,FOO\n SG_ AverageRadius : 6|6@0+ (0.1,0) [0|5] \"m\" Vector__XXX\n SG_ Enable : 7|1@0+ (1,0) [0|0] \"-\" Vector__XXX",
                    range: 362..570,
                },
                inner: [
                    Pair {
                        rule: msg_var,
                        span: Span {
                            str: "BO_ 496",
                            range: 362..369,
                        },
                        inner: [
                            Pair {
                                rule: message_id,
                                span: Span {
                                    str: "496",
                                    range: 366..369,
                                },
                                inner: [],
                            },
                        ],
                    },
                    Pair {
                        rule: message_name,
                        span: Span {
                            str: "ExampleMessage",
                            range: 370..384,
                        },
                        inner: [],
                    },
                    Pair {
                        rule: message_size,
                        span: Span {
                            str: "8",
                            range: 386..387,
                        },
                        inner: [],
                    },
                    Pair {
                        rule: transmitter,
                        span: Span {
                            str: "PCM1",
                            range: 388..392,
                        },
                        inner: [],
                    },
                    Pair {
                        rule: signal,
                        span: Span {
                            str: "\n SG_ Temperature : 0|12@0- (0.01,250) [229.52|270.47] \"degK\"  PCM1,FOO",
                            range: 392..463,
                        },
                        inner: [
                            Pair {
                                rule: signal_nl_ident,
                                span: Span {
                                    str: "\n ",
                                    range: 392..394,
                                },
                                inner: [],
                            },
                            Pair {
                                rule: signal_name,
                                span: Span {
                                    str: "Temperature",
                                    range: 398..409,
                                },
                                inner: [],
                            },
                            Pair {
                                rule: start_bit,
                                span: Span {
                                    str: "0",
                                    range: 412..413,
                                },
                                inner: [],
                            },
                            Pair {
                                rule: signal_size,
                                span: Span {
                                    str: "12",
                                    range: 414..416,
                                },
                                inner: [],
                            },
                            Pair {
                                rule: big_endian,
                                span: Span {
                                    str: "0",
                                    range: 417..418,
                                },
                                inner: [],
                            },
                            Pair {
                                rule: signed_type,
                                span: Span {
                                    str: "-",
                                    range: 418..419,
                                },
                                inner: [],
                            },
                            Pair {
                                rule: factor,
                                span: Span {
                                    str: "0.01",
                                    range: 421..425,
                                },
                                inner: [],
                            },
                            Pair {
                                rule: offset,
                                span: Span {
                                    str: "250",
                                    range: 426..429,
                                },
                                inner: [],
                            },
                            Pair {
                                rule: min_max,
                                span: Span {
                                    str: "[229.52|270.47]",
                                    range: 431..446,
                                },
                                inner: [
                                    Pair {
                                        rule: minimum,
                                        span: Span {
                                            str: "229.52",
                                            range: 432..438,
                                        },
                                        inner: [],
                                    },
                                    Pair {
                                        rule: maximum,
                                        span: Span {
                                            str: "270.47",
                                            range: 439..445,
                                        },
                                        inner: [],
                                    },
                                ],
                            },
                            Pair {
                                rule: unit,
                                span: Span {
                                    str: "\"degK\"",
                                    range: 447..453,
                                },
                                inner: [
                                    Pair {
                                        rule: string,
                                        span: Span {
                                            str: "degK",
                                            range: 448..452,
                                        },
                                        inner: [],
                                    },
                                ],
                            },
                            Pair {
                                rule: node_name,
                                span: Span {
                                    str: "PCM1",
                                    range: 455..459,
                                },
                                inner: [],
                            },
                            Pair {
                                rule: node_name,
                                span: Span {
                                    str: "FOO",
                                    range: 460..463,
                                },
                                inner: [],
                            },
                        ],
                    },
                    Pair {
                        rule: signal,
                        span: Span {
                            str: "\n SG_ AverageRadius : 6|6@0+ (0.1,0) [0|5] \"m\" Vector__XXX",
                            range: 463..521,
                        },
                        inner: [
                            Pair {
                                rule: signal_nl_ident,
                                span: Span {
                                    str: "\n ",
                                    range: 463..465,
                                },
                                inner: [],
                            },
                            Pair {
                                rule: signal_name,
                                span: Span {
                                    str: "AverageRadius",
                                    range: 469..482,
                                },
                                inner: [],
                            },
                            Pair {
                                rule: start_bit,
                                span: Span {
                                    str: "6",
                                    range: 485..486,
                                },
                                inner: [],
                            },
                            Pair {
                                rule: signal_size,
                                span: Span {
                                    str: "6",
                                    range: 487..488,
                                },
                                inner: [],
                            },
                            Pair {
                                rule: big_endian,
                                span: Span {
                                    str: "0",
                                    range: 489..490,
                                },
                                inner: [],
                            },
                            Pair {
                                rule: unsigned_type,
                                span: Span {
                                    str: "+",
                                    range: 490..491,
                                },
                                inner: [],
                            },
                            Pair {
                                rule: factor,
                                span: Span {
                                    str: "0.1",
                                    range: 493..496,
                                },
                                inner: [],
                            },
                            Pair {
                                rule: offset,
                                span: Span {
                                    str: "0",
                                    range: 497..498,
                                },
                                inner: [],
                            },
                            Pair {
                                rule: min_max,
                                span: Span {
                                    str: "[0|5]",
                                    range: 500..505,
                                },
                                inner: [
                                    Pair {
                                        rule: minimum,
                                        span: Span {
                                            str: "0",
                                            range: 501..502,
                                        },
                                        inner: [],
                                    },
                                    Pair {
                                        rule: maximum,
                                        span: Span {
                                            str: "5",
                                            range: 503..504,
                                        },
                                        inner: [],
                                    },
                                ],
                            },
                            Pair {
                                rule: unit,
                                span: Span {
                                    str: "\"m\"",
                                    range: 506..509,
                                },
                                inner: [
                                    Pair {
                                        rule: string,
                                        span: Span {
                                            str: "m",
                                            range: 507..508,
                                        },
                                        inner: [],
                                    },
                                ],
                            },
                            Pair {
                                rule: node_name,
                                span: Span {
                                    str: "Vector__XXX",
                                    range: 510..521,
                                },
                                inner: [],
                            },
                        ],
                    },
                    Pair {
                        rule: signal,
                        span: Span {
                            str: "\n SG_ Enable : 7|1@0+ (1,0) [0|0] \"-\" Vector__XXX",
                            range: 521..570,
                        },
                        inner: [
                            Pair {
                                rule: signal_nl_ident,
                                span: Span {
                                    str: "\n ",
                                    range: 521..523,
                                },
                                inner: [],
                            },
                            Pair {
                                rule: signal_name,
                                span: Span {
                                    str: "Enable",
                                    range: 527..533,
                                },
                                inner: [],
                            },
                            Pair {
                                rule: start_bit,
                                span: Span {
                                    str: "7",
                                    range: 536..537,
                                },
                                inner: [],
                            },
                            Pair {
                                rule: signal_size,
                                span: Span {
                                    str: "1",
                                    range: 538..539,
                                },
                                inner: [],
                            },
                            Pair {
                                rule: big_endian,
                                span: Span {
                                    str: "0",
                                    range: 540..541,
                                },
                                inner: [],
                            },
                            Pair {
                                rule: unsigned_type,
                                span: Span {
                                    str: "+",
                                    range: 541..542,
                                },
                                inner: [],
                            },
                            Pair {
                                rule: factor,
                                span: Span {
                                    str: "1",
                                    range: 544..545,
                                },
                                inner: [],
                            },
                            Pair {
                                rule: offset,
                                span: Span {
                                    str: "0",
                                    range: 546..547,
                                },
                                inner: [],
                            },
                            Pair {
                                rule: min_max,
                                span: Span {
                                    str: "[0|0]",
                                    range: 549..554,
                                },
                                inner: [
                                    Pair {
                                        rule: minimum,
                                        span: Span {
                                            str: "0",
                                            range: 550..551,
                                        },
                                        inner: [],
                                    },
                                    Pair {
                                        rule: maximum,
                                        span: Span {
                                            str: "0",
                                            range: 552..553,
                                        },
                                        inner: [],
                                    },
                                ],
                            },
                            Pair {
                                rule: unit,
                                span: Span {
                                    str: "\"-\"",
                                    range: 555..558,
                                },
                                inner: [
                                    Pair {
                                        rule: string,
                                        span: Span {
                                            str: "-",
                                            range: 556..557,
                                        },
                                        inner: [],
                                    },
                                ],
                            },
                            Pair {
                                rule: node_name,
                                span: Span {
                                    str: "Vector__XXX",
                                    range: 559..570,
                                },
                                inner: [],
                            },
                        ],
                    },
                ],
            },
            Pair {
                rule: comment,
                span: Span {
                    str: "CM_ BO_ 496 \"Example message used as template in MotoHawk models.\";",
                    range: 575..642,
                },
                inner: [
                    Pair {
                        rule: comment_message,
                        span: Span {
                            str: "BO_ 496 \"Example message used as template in MotoHawk models.\"",
                            range: 579..641,
                        },
                        inner: [
                            Pair {
                                rule: message_id,
                                span: Span {
                                    str: "496",
                                    range: 583..586,
                                },
                                inner: [],
                            },
                            Pair {
                                rule: quoted_str,
                                span: Span {
                                    str: "\"Example message used as template in MotoHawk models.\"",
                                    range: 587..641,
                                },
                                inner: [
                                    Pair {
                                        rule: string,
                                        span: Span {
                                            str: "Example message used as template in MotoHawk models.",
                                            range: 588..640,
                                        },
                                        inner: [],
                                    },
                                ],
                            },
                        ],
                    },
                ],
            },
            Pair {
                rule: attr_def,
                span: Span {
                    str: "BA_DEF_ BO_  \"GenMsgCycleTime\" INT 0 65535;",
                    range: 643..686,
                },
                inner: [
                    Pair {
                        rule: object_type,
                        span: Span {
                            str: "BO_",
                            range: 651..654,
                        },
                        inner: [],
                    },
                    Pair {
                        rule: attribute_name,
                        span: Span {
                            str: "\"GenMsgCycleTime\"",
                            range: 656..673,
                        },
                        inner: [
                            Pair {
                                rule: string,
                                span: Span {
                                    str: "GenMsgCycleTime",
                                    range: 657..672,
                                },
                                inner: [],
                            },
                        ],
                    },
                    Pair {
                        rule: attribute_type_int,
                        span: Span {
                            str: "INT 0 65535",
                            range: 674..685,
                        },
                        inner: [
                            Pair {
                                rule: minimum,
                                span: Span {
                                    str: "0",
                                    range: 678..679,
                                },
                                inner: [],
                            },
                            Pair {
                                rule: maximum,
                                span: Span {
                                    str: "65535",
                                    range: 680..685,
                                },
                                inner: [],
                            },
                        ],
                    },
                ],
            },
            Pair {
                rule: ba_def_def,
                span: Span {
                    str: "BA_DEF_DEF_  \"GenMsgCycleTime\" 0;",
                    range: 687..720,
                },
                inner: [
                    Pair {
                        rule: attribute_name,
                        span: Span {
                            str: "\"GenMsgCycleTime\"",
                            range: 700..717,
                        },
                        inner: [
                            Pair {
                                rule: string,
                                span: Span {
                                    str: "GenMsgCycleTime",
                                    range: 701..716,
                                },
                                inner: [],
                            },
                        ],
                    },
                    Pair {
                        rule: number,
                        span: Span {
                            str: "0",
                            range: 718..719,
                        },
                        inner: [],
                    },
                ],
            },
            Pair {
                rule: value_table_def,
                span: Span {
                    str: "VAL_ 496 Enable 0 \"Disabled\" 1 \"Enabled\" ;",
                    range: 722..764,
                },
                inner: [
                    Pair {
                        rule: message_id,
                        span: Span {
                            str: "496",
                            range: 727..730,
                        },
                        inner: [],
                    },
                    Pair {
                        rule: signal_name,
                        span: Span {
                            str: "Enable",
                            range: 731..737,
                        },
                        inner: [],
                    },
                    Pair {
                        rule: table_value_description,
                        span: Span {
                            str: "0 \"Disabled\"",
                            range: 738..750,
                        },
                        inner: [
                            Pair {
                                rule: int,
                                span: Span {
                                    str: "0",
                                    range: 738..739,
                                },
                                inner: [],
                            },
                            Pair {
                                rule: quoted_str,
                                span: Span {
                                    str: "\"Disabled\"",
                                    range: 740..750,
                                },
                                inner: [
                                    Pair {
                                        rule: string,
                                        span: Span {
                                            str: "Disabled",
                                            range: 741..749,
                                        },
                                        inner: [],
                                    },
                                ],
                            },
                        ],
                    },
                    Pair {
                        rule: table_value_description,
                        span: Span {
                            str: "1 \"Enabled\"",
                            range: 751..762,
                        },
                        inner: [
                            Pair {
                                rule: int,
                                span: Span {
                                    str: "1",
                                    range: 751..752,
                                },
                                inner: [],
                            },
                            Pair {
                                rule: quoted_str,
                                span: Span {
                                    str: "\"Enabled\"",
                                    range: 753..762,
                                },
                                inner: [
                                    Pair {
                                        rule: string,
                                        span: Span {
                                            str: "Enabled",
                                            range: 754..761,
                                        },
                                        inner: [],
                                    },
                                ],
                            },
                        ],
                    },
                ],
            },
            Pair {
                rule: EOI,
                span: Span {
                    str: "",
                    range: 768..768,
                },
                inner: [],
            },
        ],
    },
]
