---
source: tests/snapshots.rs
---
[
    Pair {
        rule: file,
        span: Span {
            str: "VERSION \"\"\nBS_:\nBU_: Test\n\nBO_ 2164195584 TestMessage1: 3 Test\n SG_ Signal1 : 0|8@1+ (1,0) [0|0] \"\"  Test\n SG_ Signal2 : 8|8@1+ (1,0) [0|0] \"\"  Test\n SG_ Signal3 : 16|8@1+ (1,0) [0|0] \"\"  Test\n\nBO_ 2164195840 TestMessage2: 10 Test\n SG_ Signal4 : 0|15@1+ (1,0) [0|0] \"\"  Test\n SG_ Signal5 : 15|15@1+ (1,0) [0|0] \"\"  Test\n SG_ Signal6 : 30|15@1+ (1,0) [0|0] \"\"  Test\n SG_ Signal7 : 45|15@1+ (1,0) [0|0] \"\"  Test\n SG_ Signal8 : 60|15@1+ (1,0) [0|0] \"\"  Test\n\nBA_DEF_ BO_  \"VFrameFormat\" INT 0 3;\nBA_DEF_DEF_  \"VFrameFormat\" 3;\n",
            start: 0,
            end: 524,
        },
        inner: [
            Pair {
                rule: version,
                span: Span {
                    str: "VERSION \"\"\n",
                    start: 0,
                    end: 11,
                },
                inner: [
                    Pair {
                        rule: quoted_str,
                        span: Span {
                            str: "\"\"",
                            start: 8,
                            end: 10,
                        },
                        inner: [
                            Pair {
                                rule: string,
                                span: Span {
                                    str: "",
                                    start: 9,
                                    end: 9,
                                },
                                inner: [],
                            },
                        ],
                    },
                ],
            },
            Pair {
                rule: bit_timing,
                span: Span {
                    str: "BS_:\n",
                    start: 11,
                    end: 16,
                },
                inner: [],
            },
            Pair {
                rule: nodes,
                span: Span {
                    str: "BU_: Test\n\n",
                    start: 16,
                    end: 27,
                },
                inner: [
                    Pair {
                        rule: node_name,
                        span: Span {
                            str: "Test",
                            start: 21,
                            end: 25,
                        },
                        inner: [],
                    },
                ],
            },
            Pair {
                rule: message,
                span: Span {
                    str: "BO_ 2164195584 TestMessage1: 3 Test",
                    start: 27,
                    end: 62,
                },
                inner: [
                    Pair {
                        rule: msg_var,
                        span: Span {
                            str: "BO_ 2164195584",
                            start: 27,
                            end: 41,
                        },
                        inner: [
                            Pair {
                                rule: message_id,
                                span: Span {
                                    str: "2164195584",
                                    start: 31,
                                    end: 41,
                                },
                                inner: [],
                            },
                        ],
                    },
                    Pair {
                        rule: message_name,
                        span: Span {
                            str: "TestMessage1",
                            start: 42,
                            end: 54,
                        },
                        inner: [],
                    },
                    Pair {
                        rule: message_size,
                        span: Span {
                            str: "3",
                            start: 56,
                            end: 57,
                        },
                        inner: [],
                    },
                    Pair {
                        rule: transmitter,
                        span: Span {
                            str: "Test",
                            start: 58,
                            end: 62,
                        },
                        inner: [],
                    },
                ],
            },
            Pair {
                rule: signal,
                span: Span {
                    str: "SG_ Signal1 : 0|8@1+ (1,0) [0|0] \"\"  Test",
                    start: 64,
                    end: 105,
                },
                inner: [
                    Pair {
                        rule: signal_name,
                        span: Span {
                            str: "Signal1",
                            start: 68,
                            end: 75,
                        },
                        inner: [],
                    },
                    Pair {
                        rule: start_bit,
                        span: Span {
                            str: "0",
                            start: 78,
                            end: 79,
                        },
                        inner: [],
                    },
                    Pair {
                        rule: signal_size,
                        span: Span {
                            str: "8",
                            start: 80,
                            end: 81,
                        },
                        inner: [],
                    },
                    Pair {
                        rule: little_endian,
                        span: Span {
                            str: "1",
                            start: 82,
                            end: 83,
                        },
                        inner: [],
                    },
                    Pair {
                        rule: unsigned_type,
                        span: Span {
                            str: "+",
                            start: 83,
                            end: 84,
                        },
                        inner: [],
                    },
                    Pair {
                        rule: factor,
                        span: Span {
                            str: "1",
                            start: 86,
                            end: 87,
                        },
                        inner: [],
                    },
                    Pair {
                        rule: offset,
                        span: Span {
                            str: "0",
                            start: 88,
                            end: 89,
                        },
                        inner: [],
                    },
                    Pair {
                        rule: min_max,
                        span: Span {
                            str: "[0|0]",
                            start: 91,
                            end: 96,
                        },
                        inner: [
                            Pair {
                                rule: minimum,
                                span: Span {
                                    str: "0",
                                    start: 92,
                                    end: 93,
                                },
                                inner: [],
                            },
                            Pair {
                                rule: maximum,
                                span: Span {
                                    str: "0",
                                    start: 94,
                                    end: 95,
                                },
                                inner: [],
                            },
                        ],
                    },
                    Pair {
                        rule: unit,
                        span: Span {
                            str: "\"\"",
                            start: 97,
                            end: 99,
                        },
                        inner: [
                            Pair {
                                rule: string,
                                span: Span {
                                    str: "",
                                    start: 98,
                                    end: 98,
                                },
                                inner: [],
                            },
                        ],
                    },
                    Pair {
                        rule: receiver,
                        span: Span {
                            str: "Test",
                            start: 101,
                            end: 105,
                        },
                        inner: [],
                    },
                ],
            },
            Pair {
                rule: signal,
                span: Span {
                    str: "SG_ Signal2 : 8|8@1+ (1,0) [0|0] \"\"  Test",
                    start: 107,
                    end: 148,
                },
                inner: [
                    Pair {
                        rule: signal_name,
                        span: Span {
                            str: "Signal2",
                            start: 111,
                            end: 118,
                        },
                        inner: [],
                    },
                    Pair {
                        rule: start_bit,
                        span: Span {
                            str: "8",
                            start: 121,
                            end: 122,
                        },
                        inner: [],
                    },
                    Pair {
                        rule: signal_size,
                        span: Span {
                            str: "8",
                            start: 123,
                            end: 124,
                        },
                        inner: [],
                    },
                    Pair {
                        rule: little_endian,
                        span: Span {
                            str: "1",
                            start: 125,
                            end: 126,
                        },
                        inner: [],
                    },
                    Pair {
                        rule: unsigned_type,
                        span: Span {
                            str: "+",
                            start: 126,
                            end: 127,
                        },
                        inner: [],
                    },
                    Pair {
                        rule: factor,
                        span: Span {
                            str: "1",
                            start: 129,
                            end: 130,
                        },
                        inner: [],
                    },
                    Pair {
                        rule: offset,
                        span: Span {
                            str: "0",
                            start: 131,
                            end: 132,
                        },
                        inner: [],
                    },
                    Pair {
                        rule: min_max,
                        span: Span {
                            str: "[0|0]",
                            start: 134,
                            end: 139,
                        },
                        inner: [
                            Pair {
                                rule: minimum,
                                span: Span {
                                    str: "0",
                                    start: 135,
                                    end: 136,
                                },
                                inner: [],
                            },
                            Pair {
                                rule: maximum,
                                span: Span {
                                    str: "0",
                                    start: 137,
                                    end: 138,
                                },
                                inner: [],
                            },
                        ],
                    },
                    Pair {
                        rule: unit,
                        span: Span {
                            str: "\"\"",
                            start: 140,
                            end: 142,
                        },
                        inner: [
                            Pair {
                                rule: string,
                                span: Span {
                                    str: "",
                                    start: 141,
                                    end: 141,
                                },
                                inner: [],
                            },
                        ],
                    },
                    Pair {
                        rule: receiver,
                        span: Span {
                            str: "Test",
                            start: 144,
                            end: 148,
                        },
                        inner: [],
                    },
                ],
            },
            Pair {
                rule: signal,
                span: Span {
                    str: "SG_ Signal3 : 16|8@1+ (1,0) [0|0] \"\"  Test",
                    start: 150,
                    end: 192,
                },
                inner: [
                    Pair {
                        rule: signal_name,
                        span: Span {
                            str: "Signal3",
                            start: 154,
                            end: 161,
                        },
                        inner: [],
                    },
                    Pair {
                        rule: start_bit,
                        span: Span {
                            str: "16",
                            start: 164,
                            end: 166,
                        },
                        inner: [],
                    },
                    Pair {
                        rule: signal_size,
                        span: Span {
                            str: "8",
                            start: 167,
                            end: 168,
                        },
                        inner: [],
                    },
                    Pair {
                        rule: little_endian,
                        span: Span {
                            str: "1",
                            start: 169,
                            end: 170,
                        },
                        inner: [],
                    },
                    Pair {
                        rule: unsigned_type,
                        span: Span {
                            str: "+",
                            start: 170,
                            end: 171,
                        },
                        inner: [],
                    },
                    Pair {
                        rule: factor,
                        span: Span {
                            str: "1",
                            start: 173,
                            end: 174,
                        },
                        inner: [],
                    },
                    Pair {
                        rule: offset,
                        span: Span {
                            str: "0",
                            start: 175,
                            end: 176,
                        },
                        inner: [],
                    },
                    Pair {
                        rule: min_max,
                        span: Span {
                            str: "[0|0]",
                            start: 178,
                            end: 183,
                        },
                        inner: [
                            Pair {
                                rule: minimum,
                                span: Span {
                                    str: "0",
                                    start: 179,
                                    end: 180,
                                },
                                inner: [],
                            },
                            Pair {
                                rule: maximum,
                                span: Span {
                                    str: "0",
                                    start: 181,
                                    end: 182,
                                },
                                inner: [],
                            },
                        ],
                    },
                    Pair {
                        rule: unit,
                        span: Span {
                            str: "\"\"",
                            start: 184,
                            end: 186,
                        },
                        inner: [
                            Pair {
                                rule: string,
                                span: Span {
                                    str: "",
                                    start: 185,
                                    end: 185,
                                },
                                inner: [],
                            },
                        ],
                    },
                    Pair {
                        rule: receiver,
                        span: Span {
                            str: "Test",
                            start: 188,
                            end: 192,
                        },
                        inner: [],
                    },
                ],
            },
            Pair {
                rule: message,
                span: Span {
                    str: "BO_ 2164195840 TestMessage2: 10 Test",
                    start: 194,
                    end: 230,
                },
                inner: [
                    Pair {
                        rule: msg_var,
                        span: Span {
                            str: "BO_ 2164195840",
                            start: 194,
                            end: 208,
                        },
                        inner: [
                            Pair {
                                rule: message_id,
                                span: Span {
                                    str: "2164195840",
                                    start: 198,
                                    end: 208,
                                },
                                inner: [],
                            },
                        ],
                    },
                    Pair {
                        rule: message_name,
                        span: Span {
                            str: "TestMessage2",
                            start: 209,
                            end: 221,
                        },
                        inner: [],
                    },
                    Pair {
                        rule: message_size,
                        span: Span {
                            str: "10",
                            start: 223,
                            end: 225,
                        },
                        inner: [],
                    },
                    Pair {
                        rule: transmitter,
                        span: Span {
                            str: "Test",
                            start: 226,
                            end: 230,
                        },
                        inner: [],
                    },
                ],
            },
            Pair {
                rule: signal,
                span: Span {
                    str: "SG_ Signal4 : 0|15@1+ (1,0) [0|0] \"\"  Test",
                    start: 232,
                    end: 274,
                },
                inner: [
                    Pair {
                        rule: signal_name,
                        span: Span {
                            str: "Signal4",
                            start: 236,
                            end: 243,
                        },
                        inner: [],
                    },
                    Pair {
                        rule: start_bit,
                        span: Span {
                            str: "0",
                            start: 246,
                            end: 247,
                        },
                        inner: [],
                    },
                    Pair {
                        rule: signal_size,
                        span: Span {
                            str: "15",
                            start: 248,
                            end: 250,
                        },
                        inner: [],
                    },
                    Pair {
                        rule: little_endian,
                        span: Span {
                            str: "1",
                            start: 251,
                            end: 252,
                        },
                        inner: [],
                    },
                    Pair {
                        rule: unsigned_type,
                        span: Span {
                            str: "+",
                            start: 252,
                            end: 253,
                        },
                        inner: [],
                    },
                    Pair {
                        rule: factor,
                        span: Span {
                            str: "1",
                            start: 255,
                            end: 256,
                        },
                        inner: [],
                    },
                    Pair {
                        rule: offset,
                        span: Span {
                            str: "0",
                            start: 257,
                            end: 258,
                        },
                        inner: [],
                    },
                    Pair {
                        rule: min_max,
                        span: Span {
                            str: "[0|0]",
                            start: 260,
                            end: 265,
                        },
                        inner: [
                            Pair {
                                rule: minimum,
                                span: Span {
                                    str: "0",
                                    start: 261,
                                    end: 262,
                                },
                                inner: [],
                            },
                            Pair {
                                rule: maximum,
                                span: Span {
                                    str: "0",
                                    start: 263,
                                    end: 264,
                                },
                                inner: [],
                            },
                        ],
                    },
                    Pair {
                        rule: unit,
                        span: Span {
                            str: "\"\"",
                            start: 266,
                            end: 268,
                        },
                        inner: [
                            Pair {
                                rule: string,
                                span: Span {
                                    str: "",
                                    start: 267,
                                    end: 267,
                                },
                                inner: [],
                            },
                        ],
                    },
                    Pair {
                        rule: receiver,
                        span: Span {
                            str: "Test",
                            start: 270,
                            end: 274,
                        },
                        inner: [],
                    },
                ],
            },
            Pair {
                rule: signal,
                span: Span {
                    str: "SG_ Signal5 : 15|15@1+ (1,0) [0|0] \"\"  Test",
                    start: 276,
                    end: 319,
                },
                inner: [
                    Pair {
                        rule: signal_name,
                        span: Span {
                            str: "Signal5",
                            start: 280,
                            end: 287,
                        },
                        inner: [],
                    },
                    Pair {
                        rule: start_bit,
                        span: Span {
                            str: "15",
                            start: 290,
                            end: 292,
                        },
                        inner: [],
                    },
                    Pair {
                        rule: signal_size,
                        span: Span {
                            str: "15",
                            start: 293,
                            end: 295,
                        },
                        inner: [],
                    },
                    Pair {
                        rule: little_endian,
                        span: Span {
                            str: "1",
                            start: 296,
                            end: 297,
                        },
                        inner: [],
                    },
                    Pair {
                        rule: unsigned_type,
                        span: Span {
                            str: "+",
                            start: 297,
                            end: 298,
                        },
                        inner: [],
                    },
                    Pair {
                        rule: factor,
                        span: Span {
                            str: "1",
                            start: 300,
                            end: 301,
                        },
                        inner: [],
                    },
                    Pair {
                        rule: offset,
                        span: Span {
                            str: "0",
                            start: 302,
                            end: 303,
                        },
                        inner: [],
                    },
                    Pair {
                        rule: min_max,
                        span: Span {
                            str: "[0|0]",
                            start: 305,
                            end: 310,
                        },
                        inner: [
                            Pair {
                                rule: minimum,
                                span: Span {
                                    str: "0",
                                    start: 306,
                                    end: 307,
                                },
                                inner: [],
                            },
                            Pair {
                                rule: maximum,
                                span: Span {
                                    str: "0",
                                    start: 308,
                                    end: 309,
                                },
                                inner: [],
                            },
                        ],
                    },
                    Pair {
                        rule: unit,
                        span: Span {
                            str: "\"\"",
                            start: 311,
                            end: 313,
                        },
                        inner: [
                            Pair {
                                rule: string,
                                span: Span {
                                    str: "",
                                    start: 312,
                                    end: 312,
                                },
                                inner: [],
                            },
                        ],
                    },
                    Pair {
                        rule: receiver,
                        span: Span {
                            str: "Test",
                            start: 315,
                            end: 319,
                        },
                        inner: [],
                    },
                ],
            },
            Pair {
                rule: signal,
                span: Span {
                    str: "SG_ Signal6 : 30|15@1+ (1,0) [0|0] \"\"  Test",
                    start: 321,
                    end: 364,
                },
                inner: [
                    Pair {
                        rule: signal_name,
                        span: Span {
                            str: "Signal6",
                            start: 325,
                            end: 332,
                        },
                        inner: [],
                    },
                    Pair {
                        rule: start_bit,
                        span: Span {
                            str: "30",
                            start: 335,
                            end: 337,
                        },
                        inner: [],
                    },
                    Pair {
                        rule: signal_size,
                        span: Span {
                            str: "15",
                            start: 338,
                            end: 340,
                        },
                        inner: [],
                    },
                    Pair {
                        rule: little_endian,
                        span: Span {
                            str: "1",
                            start: 341,
                            end: 342,
                        },
                        inner: [],
                    },
                    Pair {
                        rule: unsigned_type,
                        span: Span {
                            str: "+",
                            start: 342,
                            end: 343,
                        },
                        inner: [],
                    },
                    Pair {
                        rule: factor,
                        span: Span {
                            str: "1",
                            start: 345,
                            end: 346,
                        },
                        inner: [],
                    },
                    Pair {
                        rule: offset,
                        span: Span {
                            str: "0",
                            start: 347,
                            end: 348,
                        },
                        inner: [],
                    },
                    Pair {
                        rule: min_max,
                        span: Span {
                            str: "[0|0]",
                            start: 350,
                            end: 355,
                        },
                        inner: [
                            Pair {
                                rule: minimum,
                                span: Span {
                                    str: "0",
                                    start: 351,
                                    end: 352,
                                },
                                inner: [],
                            },
                            Pair {
                                rule: maximum,
                                span: Span {
                                    str: "0",
                                    start: 353,
                                    end: 354,
                                },
                                inner: [],
                            },
                        ],
                    },
                    Pair {
                        rule: unit,
                        span: Span {
                            str: "\"\"",
                            start: 356,
                            end: 358,
                        },
                        inner: [
                            Pair {
                                rule: string,
                                span: Span {
                                    str: "",
                                    start: 357,
                                    end: 357,
                                },
                                inner: [],
                            },
                        ],
                    },
                    Pair {
                        rule: receiver,
                        span: Span {
                            str: "Test",
                            start: 360,
                            end: 364,
                        },
                        inner: [],
                    },
                ],
            },
            Pair {
                rule: signal,
                span: Span {
                    str: "SG_ Signal7 : 45|15@1+ (1,0) [0|0] \"\"  Test",
                    start: 366,
                    end: 409,
                },
                inner: [
                    Pair {
                        rule: signal_name,
                        span: Span {
                            str: "Signal7",
                            start: 370,
                            end: 377,
                        },
                        inner: [],
                    },
                    Pair {
                        rule: start_bit,
                        span: Span {
                            str: "45",
                            start: 380,
                            end: 382,
                        },
                        inner: [],
                    },
                    Pair {
                        rule: signal_size,
                        span: Span {
                            str: "15",
                            start: 383,
                            end: 385,
                        },
                        inner: [],
                    },
                    Pair {
                        rule: little_endian,
                        span: Span {
                            str: "1",
                            start: 386,
                            end: 387,
                        },
                        inner: [],
                    },
                    Pair {
                        rule: unsigned_type,
                        span: Span {
                            str: "+",
                            start: 387,
                            end: 388,
                        },
                        inner: [],
                    },
                    Pair {
                        rule: factor,
                        span: Span {
                            str: "1",
                            start: 390,
                            end: 391,
                        },
                        inner: [],
                    },
                    Pair {
                        rule: offset,
                        span: Span {
                            str: "0",
                            start: 392,
                            end: 393,
                        },
                        inner: [],
                    },
                    Pair {
                        rule: min_max,
                        span: Span {
                            str: "[0|0]",
                            start: 395,
                            end: 400,
                        },
                        inner: [
                            Pair {
                                rule: minimum,
                                span: Span {
                                    str: "0",
                                    start: 396,
                                    end: 397,
                                },
                                inner: [],
                            },
                            Pair {
                                rule: maximum,
                                span: Span {
                                    str: "0",
                                    start: 398,
                                    end: 399,
                                },
                                inner: [],
                            },
                        ],
                    },
                    Pair {
                        rule: unit,
                        span: Span {
                            str: "\"\"",
                            start: 401,
                            end: 403,
                        },
                        inner: [
                            Pair {
                                rule: string,
                                span: Span {
                                    str: "",
                                    start: 402,
                                    end: 402,
                                },
                                inner: [],
                            },
                        ],
                    },
                    Pair {
                        rule: receiver,
                        span: Span {
                            str: "Test",
                            start: 405,
                            end: 409,
                        },
                        inner: [],
                    },
                ],
            },
            Pair {
                rule: signal,
                span: Span {
                    str: "SG_ Signal8 : 60|15@1+ (1,0) [0|0] \"\"  Test",
                    start: 411,
                    end: 454,
                },
                inner: [
                    Pair {
                        rule: signal_name,
                        span: Span {
                            str: "Signal8",
                            start: 415,
                            end: 422,
                        },
                        inner: [],
                    },
                    Pair {
                        rule: start_bit,
                        span: Span {
                            str: "60",
                            start: 425,
                            end: 427,
                        },
                        inner: [],
                    },
                    Pair {
                        rule: signal_size,
                        span: Span {
                            str: "15",
                            start: 428,
                            end: 430,
                        },
                        inner: [],
                    },
                    Pair {
                        rule: little_endian,
                        span: Span {
                            str: "1",
                            start: 431,
                            end: 432,
                        },
                        inner: [],
                    },
                    Pair {
                        rule: unsigned_type,
                        span: Span {
                            str: "+",
                            start: 432,
                            end: 433,
                        },
                        inner: [],
                    },
                    Pair {
                        rule: factor,
                        span: Span {
                            str: "1",
                            start: 435,
                            end: 436,
                        },
                        inner: [],
                    },
                    Pair {
                        rule: offset,
                        span: Span {
                            str: "0",
                            start: 437,
                            end: 438,
                        },
                        inner: [],
                    },
                    Pair {
                        rule: min_max,
                        span: Span {
                            str: "[0|0]",
                            start: 440,
                            end: 445,
                        },
                        inner: [
                            Pair {
                                rule: minimum,
                                span: Span {
                                    str: "0",
                                    start: 441,
                                    end: 442,
                                },
                                inner: [],
                            },
                            Pair {
                                rule: maximum,
                                span: Span {
                                    str: "0",
                                    start: 443,
                                    end: 444,
                                },
                                inner: [],
                            },
                        ],
                    },
                    Pair {
                        rule: unit,
                        span: Span {
                            str: "\"\"",
                            start: 446,
                            end: 448,
                        },
                        inner: [
                            Pair {
                                rule: string,
                                span: Span {
                                    str: "",
                                    start: 447,
                                    end: 447,
                                },
                                inner: [],
                            },
                        ],
                    },
                    Pair {
                        rule: receiver,
                        span: Span {
                            str: "Test",
                            start: 450,
                            end: 454,
                        },
                        inner: [],
                    },
                ],
            },
            Pair {
                rule: attr_def,
                span: Span {
                    str: "BA_DEF_ BO_  \"VFrameFormat\" INT 0 3;",
                    start: 456,
                    end: 492,
                },
                inner: [
                    Pair {
                        rule: object_type,
                        span: Span {
                            str: "BO_",
                            start: 464,
                            end: 467,
                        },
                        inner: [],
                    },
                    Pair {
                        rule: attribute_name,
                        span: Span {
                            str: "\"VFrameFormat\"",
                            start: 469,
                            end: 483,
                        },
                        inner: [
                            Pair {
                                rule: string,
                                span: Span {
                                    str: "VFrameFormat",
                                    start: 470,
                                    end: 482,
                                },
                                inner: [],
                            },
                        ],
                    },
                    Pair {
                        rule: attribute_type_int,
                        span: Span {
                            str: "INT 0 3",
                            start: 484,
                            end: 491,
                        },
                        inner: [
                            Pair {
                                rule: minimum,
                                span: Span {
                                    str: "0",
                                    start: 488,
                                    end: 489,
                                },
                                inner: [],
                            },
                            Pair {
                                rule: maximum,
                                span: Span {
                                    str: "3",
                                    start: 490,
                                    end: 491,
                                },
                                inner: [],
                            },
                        ],
                    },
                ],
            },
            Pair {
                rule: ba_def_def,
                span: Span {
                    str: "BA_DEF_DEF_  \"VFrameFormat\" 3;",
                    start: 493,
                    end: 523,
                },
                inner: [
                    Pair {
                        rule: attribute_name,
                        span: Span {
                            str: "\"VFrameFormat\"",
                            start: 506,
                            end: 520,
                        },
                        inner: [
                            Pair {
                                rule: string,
                                span: Span {
                                    str: "VFrameFormat",
                                    start: 507,
                                    end: 519,
                                },
                                inner: [],
                            },
                        ],
                    },
                    Pair {
                        rule: num_str_value,
                        span: Span {
                            str: "3",
                            start: 521,
                            end: 522,
                        },
                        inner: [
                            Pair {
                                rule: number,
                                span: Span {
                                    str: "3",
                                    start: 521,
                                    end: 522,
                                },
                                inner: [],
                            },
                        ],
                    },
                ],
            },
            Pair {
                rule: EOI,
                span: Span {
                    str: "",
                    start: 524,
                    end: 524,
                },
                inner: [],
            },
        ],
    },
]
